

================================================================
== Vivado HLS Report for 'dense_latency_ap_fixed_ap_fixed_32_18_5_3_0_config2_0_0_0_0_0_0_0_0_0'
================================================================
* Date:           Tue Oct 31 15:29:30 2023

* Version:        2018.3 (Build 2405991 on Thu Dec 06 23:56:15 MST 2018)
* Project:        myproject_prj
* Solution:       solution1
* Product family: virtex7
* Target device:  xc7vx485tffg1761-2


================================================================
== Performance Estimates
================================================================
+ Timing (ns): 
    * Summary: 
    +--------+-------+----------+------------+
    |  Clock | Target| Estimated| Uncertainty|
    +--------+-------+----------+------------+
    |ap_clk  |   5.00|     4.108|        0.62|
    +--------+-------+----------+------------+

+ Latency (clock cycles): 
    * Summary: 
    +-----+-----+-----+-----+----------+
    |  Latency  |  Interval | Pipeline |
    | min | max | min | max |   Type   |
    +-----+-----+-----+-----+----------+
    |    3|    3|    1|    1| function |
    +-----+-----+-----+-----+----------+

    + Detail: 
        * Instance: 
        N/A

        * Loop: 
        N/A

============================================================
+ Verbose Summary: Synthesis Manager
============================================================
InlineROM: 1
ExposeGlobal: 0
============================================================
+ Verbose Summary: CDFG Model
============================================================
IsTopModel: 0
ResetActiveHigh: 1
IsCombinational: 0
IsDatapathOnly: 0
HasWiredReturn: 1
HasMFsm: 2
HasVarLatency: 0
IsPipeline: 1
IsRtlPipelined: 1
IsInstanceOverlapped: 0
IsDontTouch: 0
HasImplIP: 0
IsGatedGlobalClock: 0

+ Individual pipeline summary: 
  * Pipeline-0: initiation interval (II) = 1, depth = 4


============================================================
+ Verbose Summary: Schedule
============================================================
* Number of FSM states : 4
* Pipeline : 1
  Pipeline-0 : II = 1, D = 4, States = { 1 2 3 4 }
* Dataflow Pipeline: 0

* FSM state transitions: 
1 --> 
	2  / true
2 --> 
	3  / true
3 --> 
	4  / true
4 --> 

* FSM state operations: 

State 1 <SV = 0> <Delay = 4.10>
ST_1 : Operation 5 [1/1] (0.00ns)   --->   "%data_V_read_2 = call i64 @_ssdm_op_Read.ap_auto.i64(i64 %data_V_read)" [firmware/nnet_utils/nnet_dense_latency.h:13]   --->   Operation 5 'read' 'data_V_read_2' <Predicate = true> <Delay = 0.00>
ST_1 : Operation 6 [1/1] (0.00ns)   --->   "%tmp = trunc i64 %data_V_read_2 to i32" [firmware/nnet_utils/nnet_dense_latency.h:38]   --->   Operation 6 'trunc' 'tmp' <Predicate = true> <Delay = 0.00>
ST_1 : Operation 7 [1/1] (0.00ns)   --->   "%r_V_cast3 = sext i32 %tmp to i45" [firmware/nnet_utils/nnet_mult.h:73->firmware/nnet_utils/nnet_dense_latency.h:42]   --->   Operation 7 'sext' 'r_V_cast3' <Predicate = true> <Delay = 0.00>
ST_1 : Operation 8 [1/1] (0.00ns)   --->   "%r_V_cast = sext i32 %tmp to i46" [firmware/nnet_utils/nnet_mult.h:73->firmware/nnet_utils/nnet_dense_latency.h:42]   --->   Operation 8 'sext' 'r_V_cast' <Predicate = true> <Delay = 0.00>
ST_1 : Operation 9 [3/3] (4.10ns)   --->   "%r_V_s = mul i46 -4620, %r_V_cast" [firmware/nnet_utils/nnet_mult.h:73->firmware/nnet_utils/nnet_dense_latency.h:42]   --->   Operation 9 'mul' 'r_V_s' <Predicate = true> <Delay = 4.10> <Core = "MulnS">   --->   Core 17 'MulnS' <Latency = 2> <II = 1> <Delay = 4.10> <FuncUnit> <Opcode : 'mul'> <InPorts = 2> <OutPorts = 1>
ST_1 : Operation 10 [3/3] (4.10ns)   --->   "%r_V_10_0_1 = mul i45 -3971, %r_V_cast3" [firmware/nnet_utils/nnet_mult.h:73->firmware/nnet_utils/nnet_dense_latency.h:42]   --->   Operation 10 'mul' 'r_V_10_0_1' <Predicate = true> <Delay = 4.10> <Core = "MulnS">   --->   Core 17 'MulnS' <Latency = 2> <II = 1> <Delay = 4.10> <FuncUnit> <Opcode : 'mul'> <InPorts = 2> <OutPorts = 1>
ST_1 : Operation 11 [3/3] (4.10ns)   --->   "%r_V_10_0_2 = mul i46 -8083, %r_V_cast" [firmware/nnet_utils/nnet_mult.h:73->firmware/nnet_utils/nnet_dense_latency.h:42]   --->   Operation 11 'mul' 'r_V_10_0_2' <Predicate = true> <Delay = 4.10> <Core = "MulnS">   --->   Core 17 'MulnS' <Latency = 2> <II = 1> <Delay = 4.10> <FuncUnit> <Opcode : 'mul'> <InPorts = 2> <OutPorts = 1>
ST_1 : Operation 12 [3/3] (4.10ns)   --->   "%r_V_10_0_3 = mul i46 5539, %r_V_cast" [firmware/nnet_utils/nnet_mult.h:73->firmware/nnet_utils/nnet_dense_latency.h:42]   --->   Operation 12 'mul' 'r_V_10_0_3' <Predicate = true> <Delay = 4.10> <Core = "MulnS">   --->   Core 17 'MulnS' <Latency = 2> <II = 1> <Delay = 4.10> <FuncUnit> <Opcode : 'mul'> <InPorts = 2> <OutPorts = 1>
ST_1 : Operation 13 [3/3] (4.10ns)   --->   "%r_V_10_0_4 = mul i46 6496, %r_V_cast" [firmware/nnet_utils/nnet_mult.h:73->firmware/nnet_utils/nnet_dense_latency.h:42]   --->   Operation 13 'mul' 'r_V_10_0_4' <Predicate = true> <Delay = 4.10> <Core = "MulnS">   --->   Core 17 'MulnS' <Latency = 2> <II = 1> <Delay = 4.10> <FuncUnit> <Opcode : 'mul'> <InPorts = 2> <OutPorts = 1>
ST_1 : Operation 14 [3/3] (4.10ns)   --->   "%r_V_10_0_5 = mul i46 8165, %r_V_cast" [firmware/nnet_utils/nnet_mult.h:73->firmware/nnet_utils/nnet_dense_latency.h:42]   --->   Operation 14 'mul' 'r_V_10_0_5' <Predicate = true> <Delay = 4.10> <Core = "MulnS">   --->   Core 17 'MulnS' <Latency = 2> <II = 1> <Delay = 4.10> <FuncUnit> <Opcode : 'mul'> <InPorts = 2> <OutPorts = 1>
ST_1 : Operation 15 [3/3] (4.10ns)   --->   "%r_V_10_0_6 = mul i46 13918, %r_V_cast" [firmware/nnet_utils/nnet_mult.h:73->firmware/nnet_utils/nnet_dense_latency.h:42]   --->   Operation 15 'mul' 'r_V_10_0_6' <Predicate = true> <Delay = 4.10> <Core = "MulnS">   --->   Core 17 'MulnS' <Latency = 2> <II = 1> <Delay = 4.10> <FuncUnit> <Opcode : 'mul'> <InPorts = 2> <OutPorts = 1>
ST_1 : Operation 16 [3/3] (4.10ns)   --->   "%r_V_10_0_7 = mul i46 9298, %r_V_cast" [firmware/nnet_utils/nnet_mult.h:73->firmware/nnet_utils/nnet_dense_latency.h:42]   --->   Operation 16 'mul' 'r_V_10_0_7' <Predicate = true> <Delay = 4.10> <Core = "MulnS">   --->   Core 17 'MulnS' <Latency = 2> <II = 1> <Delay = 4.10> <FuncUnit> <Opcode : 'mul'> <InPorts = 2> <OutPorts = 1>
ST_1 : Operation 17 [1/1] (0.00ns)   --->   "%tmp_2 = call i32 @_ssdm_op_PartSelect.i32.i64.i32.i32(i64 %data_V_read_2, i32 32, i32 63)" [firmware/nnet_utils/nnet_dense_latency.h:38]   --->   Operation 17 'partselect' 'tmp_2' <Predicate = true> <Delay = 0.00>
ST_1 : Operation 18 [1/1] (0.00ns)   --->   "%r_V_1_cast2 = sext i32 %tmp_2 to i45" [firmware/nnet_utils/nnet_mult.h:73->firmware/nnet_utils/nnet_dense_latency.h:42]   --->   Operation 18 'sext' 'r_V_1_cast2' <Predicate = true> <Delay = 0.00>
ST_1 : Operation 19 [1/1] (0.00ns)   --->   "%r_V_1_cast9 = sext i32 %tmp_2 to i44" [firmware/nnet_utils/nnet_mult.h:73->firmware/nnet_utils/nnet_dense_latency.h:42]   --->   Operation 19 'sext' 'r_V_1_cast9' <Predicate = true> <Delay = 0.00>
ST_1 : Operation 20 [1/1] (0.00ns)   --->   "%r_V_1_cast = sext i32 %tmp_2 to i46" [firmware/nnet_utils/nnet_mult.h:73->firmware/nnet_utils/nnet_dense_latency.h:42]   --->   Operation 20 'sext' 'r_V_1_cast' <Predicate = true> <Delay = 0.00>
ST_1 : Operation 21 [3/3] (4.10ns)   --->   "%r_V_10_1 = mul i46 4872, %r_V_1_cast" [firmware/nnet_utils/nnet_mult.h:73->firmware/nnet_utils/nnet_dense_latency.h:42]   --->   Operation 21 'mul' 'r_V_10_1' <Predicate = true> <Delay = 4.10> <Core = "MulnS">   --->   Core 17 'MulnS' <Latency = 2> <II = 1> <Delay = 4.10> <FuncUnit> <Opcode : 'mul'> <InPorts = 2> <OutPorts = 1>
ST_1 : Operation 22 [3/3] (4.10ns)   --->   "%r_V_10_1_1 = mul i46 -7890, %r_V_1_cast" [firmware/nnet_utils/nnet_mult.h:73->firmware/nnet_utils/nnet_dense_latency.h:42]   --->   Operation 22 'mul' 'r_V_10_1_1' <Predicate = true> <Delay = 4.10> <Core = "MulnS">   --->   Core 17 'MulnS' <Latency = 2> <II = 1> <Delay = 4.10> <FuncUnit> <Opcode : 'mul'> <InPorts = 2> <OutPorts = 1>
ST_1 : Operation 23 [3/3] (4.10ns)   --->   "%r_V_10_1_2 = mul i46 -4718, %r_V_1_cast" [firmware/nnet_utils/nnet_mult.h:73->firmware/nnet_utils/nnet_dense_latency.h:42]   --->   Operation 23 'mul' 'r_V_10_1_2' <Predicate = true> <Delay = 4.10> <Core = "MulnS">   --->   Core 17 'MulnS' <Latency = 2> <II = 1> <Delay = 4.10> <FuncUnit> <Opcode : 'mul'> <InPorts = 2> <OutPorts = 1>
ST_1 : Operation 24 [3/3] (4.10ns)   --->   "%r_V_10_1_3 = mul i46 5117, %r_V_1_cast" [firmware/nnet_utils/nnet_mult.h:73->firmware/nnet_utils/nnet_dense_latency.h:42]   --->   Operation 24 'mul' 'r_V_10_1_3' <Predicate = true> <Delay = 4.10> <Core = "MulnS">   --->   Core 17 'MulnS' <Latency = 2> <II = 1> <Delay = 4.10> <FuncUnit> <Opcode : 'mul'> <InPorts = 2> <OutPorts = 1>
ST_1 : Operation 25 [3/3] (4.10ns)   --->   "%r_V_10_1_4 = mul i46 -10551, %r_V_1_cast" [firmware/nnet_utils/nnet_mult.h:73->firmware/nnet_utils/nnet_dense_latency.h:42]   --->   Operation 25 'mul' 'r_V_10_1_4' <Predicate = true> <Delay = 4.10> <Core = "MulnS">   --->   Core 17 'MulnS' <Latency = 2> <II = 1> <Delay = 4.10> <FuncUnit> <Opcode : 'mul'> <InPorts = 2> <OutPorts = 1>
ST_1 : Operation 26 [3/3] (4.10ns)   --->   "%r_V_10_1_5 = mul i44 2015, %r_V_1_cast9" [firmware/nnet_utils/nnet_mult.h:73->firmware/nnet_utils/nnet_dense_latency.h:42]   --->   Operation 26 'mul' 'r_V_10_1_5' <Predicate = true> <Delay = 4.10> <Core = "MulnS">   --->   Core 17 'MulnS' <Latency = 2> <II = 1> <Delay = 4.10> <FuncUnit> <Opcode : 'mul'> <InPorts = 2> <OutPorts = 1>
ST_1 : Operation 27 [3/3] (4.10ns)   --->   "%r_V_10_1_6 = mul i46 -5491, %r_V_1_cast" [firmware/nnet_utils/nnet_mult.h:73->firmware/nnet_utils/nnet_dense_latency.h:42]   --->   Operation 27 'mul' 'r_V_10_1_6' <Predicate = true> <Delay = 4.10> <Core = "MulnS">   --->   Core 17 'MulnS' <Latency = 2> <II = 1> <Delay = 4.10> <FuncUnit> <Opcode : 'mul'> <InPorts = 2> <OutPorts = 1>
ST_1 : Operation 28 [3/3] (4.10ns)   --->   "%r_V_10_1_7 = mul i45 -3013, %r_V_1_cast2" [firmware/nnet_utils/nnet_mult.h:73->firmware/nnet_utils/nnet_dense_latency.h:42]   --->   Operation 28 'mul' 'r_V_10_1_7' <Predicate = true> <Delay = 4.10> <Core = "MulnS">   --->   Core 17 'MulnS' <Latency = 2> <II = 1> <Delay = 4.10> <FuncUnit> <Opcode : 'mul'> <InPorts = 2> <OutPorts = 1>

State 2 <SV = 1> <Delay = 4.10>
ST_2 : Operation 29 [2/3] (4.10ns)   --->   "%r_V_s = mul i46 -4620, %r_V_cast" [firmware/nnet_utils/nnet_mult.h:73->firmware/nnet_utils/nnet_dense_latency.h:42]   --->   Operation 29 'mul' 'r_V_s' <Predicate = true> <Delay = 4.10> <Core = "MulnS">   --->   Core 17 'MulnS' <Latency = 2> <II = 1> <Delay = 4.10> <FuncUnit> <Opcode : 'mul'> <InPorts = 2> <OutPorts = 1>
ST_2 : Operation 30 [2/3] (4.10ns)   --->   "%r_V_10_0_1 = mul i45 -3971, %r_V_cast3" [firmware/nnet_utils/nnet_mult.h:73->firmware/nnet_utils/nnet_dense_latency.h:42]   --->   Operation 30 'mul' 'r_V_10_0_1' <Predicate = true> <Delay = 4.10> <Core = "MulnS">   --->   Core 17 'MulnS' <Latency = 2> <II = 1> <Delay = 4.10> <FuncUnit> <Opcode : 'mul'> <InPorts = 2> <OutPorts = 1>
ST_2 : Operation 31 [2/3] (4.10ns)   --->   "%r_V_10_0_2 = mul i46 -8083, %r_V_cast" [firmware/nnet_utils/nnet_mult.h:73->firmware/nnet_utils/nnet_dense_latency.h:42]   --->   Operation 31 'mul' 'r_V_10_0_2' <Predicate = true> <Delay = 4.10> <Core = "MulnS">   --->   Core 17 'MulnS' <Latency = 2> <II = 1> <Delay = 4.10> <FuncUnit> <Opcode : 'mul'> <InPorts = 2> <OutPorts = 1>
ST_2 : Operation 32 [2/3] (4.10ns)   --->   "%r_V_10_0_3 = mul i46 5539, %r_V_cast" [firmware/nnet_utils/nnet_mult.h:73->firmware/nnet_utils/nnet_dense_latency.h:42]   --->   Operation 32 'mul' 'r_V_10_0_3' <Predicate = true> <Delay = 4.10> <Core = "MulnS">   --->   Core 17 'MulnS' <Latency = 2> <II = 1> <Delay = 4.10> <FuncUnit> <Opcode : 'mul'> <InPorts = 2> <OutPorts = 1>
ST_2 : Operation 33 [2/3] (4.10ns)   --->   "%r_V_10_0_4 = mul i46 6496, %r_V_cast" [firmware/nnet_utils/nnet_mult.h:73->firmware/nnet_utils/nnet_dense_latency.h:42]   --->   Operation 33 'mul' 'r_V_10_0_4' <Predicate = true> <Delay = 4.10> <Core = "MulnS">   --->   Core 17 'MulnS' <Latency = 2> <II = 1> <Delay = 4.10> <FuncUnit> <Opcode : 'mul'> <InPorts = 2> <OutPorts = 1>
ST_2 : Operation 34 [2/3] (4.10ns)   --->   "%r_V_10_0_5 = mul i46 8165, %r_V_cast" [firmware/nnet_utils/nnet_mult.h:73->firmware/nnet_utils/nnet_dense_latency.h:42]   --->   Operation 34 'mul' 'r_V_10_0_5' <Predicate = true> <Delay = 4.10> <Core = "MulnS">   --->   Core 17 'MulnS' <Latency = 2> <II = 1> <Delay = 4.10> <FuncUnit> <Opcode : 'mul'> <InPorts = 2> <OutPorts = 1>
ST_2 : Operation 35 [2/3] (4.10ns)   --->   "%r_V_10_0_6 = mul i46 13918, %r_V_cast" [firmware/nnet_utils/nnet_mult.h:73->firmware/nnet_utils/nnet_dense_latency.h:42]   --->   Operation 35 'mul' 'r_V_10_0_6' <Predicate = true> <Delay = 4.10> <Core = "MulnS">   --->   Core 17 'MulnS' <Latency = 2> <II = 1> <Delay = 4.10> <FuncUnit> <Opcode : 'mul'> <InPorts = 2> <OutPorts = 1>
ST_2 : Operation 36 [2/3] (4.10ns)   --->   "%r_V_10_0_7 = mul i46 9298, %r_V_cast" [firmware/nnet_utils/nnet_mult.h:73->firmware/nnet_utils/nnet_dense_latency.h:42]   --->   Operation 36 'mul' 'r_V_10_0_7' <Predicate = true> <Delay = 4.10> <Core = "MulnS">   --->   Core 17 'MulnS' <Latency = 2> <II = 1> <Delay = 4.10> <FuncUnit> <Opcode : 'mul'> <InPorts = 2> <OutPorts = 1>
ST_2 : Operation 37 [2/3] (4.10ns)   --->   "%r_V_10_1 = mul i46 4872, %r_V_1_cast" [firmware/nnet_utils/nnet_mult.h:73->firmware/nnet_utils/nnet_dense_latency.h:42]   --->   Operation 37 'mul' 'r_V_10_1' <Predicate = true> <Delay = 4.10> <Core = "MulnS">   --->   Core 17 'MulnS' <Latency = 2> <II = 1> <Delay = 4.10> <FuncUnit> <Opcode : 'mul'> <InPorts = 2> <OutPorts = 1>
ST_2 : Operation 38 [2/3] (4.10ns)   --->   "%r_V_10_1_1 = mul i46 -7890, %r_V_1_cast" [firmware/nnet_utils/nnet_mult.h:73->firmware/nnet_utils/nnet_dense_latency.h:42]   --->   Operation 38 'mul' 'r_V_10_1_1' <Predicate = true> <Delay = 4.10> <Core = "MulnS">   --->   Core 17 'MulnS' <Latency = 2> <II = 1> <Delay = 4.10> <FuncUnit> <Opcode : 'mul'> <InPorts = 2> <OutPorts = 1>
ST_2 : Operation 39 [2/3] (4.10ns)   --->   "%r_V_10_1_2 = mul i46 -4718, %r_V_1_cast" [firmware/nnet_utils/nnet_mult.h:73->firmware/nnet_utils/nnet_dense_latency.h:42]   --->   Operation 39 'mul' 'r_V_10_1_2' <Predicate = true> <Delay = 4.10> <Core = "MulnS">   --->   Core 17 'MulnS' <Latency = 2> <II = 1> <Delay = 4.10> <FuncUnit> <Opcode : 'mul'> <InPorts = 2> <OutPorts = 1>
ST_2 : Operation 40 [2/3] (4.10ns)   --->   "%r_V_10_1_3 = mul i46 5117, %r_V_1_cast" [firmware/nnet_utils/nnet_mult.h:73->firmware/nnet_utils/nnet_dense_latency.h:42]   --->   Operation 40 'mul' 'r_V_10_1_3' <Predicate = true> <Delay = 4.10> <Core = "MulnS">   --->   Core 17 'MulnS' <Latency = 2> <II = 1> <Delay = 4.10> <FuncUnit> <Opcode : 'mul'> <InPorts = 2> <OutPorts = 1>
ST_2 : Operation 41 [2/3] (4.10ns)   --->   "%r_V_10_1_4 = mul i46 -10551, %r_V_1_cast" [firmware/nnet_utils/nnet_mult.h:73->firmware/nnet_utils/nnet_dense_latency.h:42]   --->   Operation 41 'mul' 'r_V_10_1_4' <Predicate = true> <Delay = 4.10> <Core = "MulnS">   --->   Core 17 'MulnS' <Latency = 2> <II = 1> <Delay = 4.10> <FuncUnit> <Opcode : 'mul'> <InPorts = 2> <OutPorts = 1>
ST_2 : Operation 42 [2/3] (4.10ns)   --->   "%r_V_10_1_5 = mul i44 2015, %r_V_1_cast9" [firmware/nnet_utils/nnet_mult.h:73->firmware/nnet_utils/nnet_dense_latency.h:42]   --->   Operation 42 'mul' 'r_V_10_1_5' <Predicate = true> <Delay = 4.10> <Core = "MulnS">   --->   Core 17 'MulnS' <Latency = 2> <II = 1> <Delay = 4.10> <FuncUnit> <Opcode : 'mul'> <InPorts = 2> <OutPorts = 1>
ST_2 : Operation 43 [2/3] (4.10ns)   --->   "%r_V_10_1_6 = mul i46 -5491, %r_V_1_cast" [firmware/nnet_utils/nnet_mult.h:73->firmware/nnet_utils/nnet_dense_latency.h:42]   --->   Operation 43 'mul' 'r_V_10_1_6' <Predicate = true> <Delay = 4.10> <Core = "MulnS">   --->   Core 17 'MulnS' <Latency = 2> <II = 1> <Delay = 4.10> <FuncUnit> <Opcode : 'mul'> <InPorts = 2> <OutPorts = 1>
ST_2 : Operation 44 [2/3] (4.10ns)   --->   "%r_V_10_1_7 = mul i45 -3013, %r_V_1_cast2" [firmware/nnet_utils/nnet_mult.h:73->firmware/nnet_utils/nnet_dense_latency.h:42]   --->   Operation 44 'mul' 'r_V_10_1_7' <Predicate = true> <Delay = 4.10> <Core = "MulnS">   --->   Core 17 'MulnS' <Latency = 2> <II = 1> <Delay = 4.10> <FuncUnit> <Opcode : 'mul'> <InPorts = 2> <OutPorts = 1>

State 3 <SV = 2> <Delay = 4.10>
ST_3 : Operation 45 [1/3] (4.10ns)   --->   "%r_V_s = mul i46 -4620, %r_V_cast" [firmware/nnet_utils/nnet_mult.h:73->firmware/nnet_utils/nnet_dense_latency.h:42]   --->   Operation 45 'mul' 'r_V_s' <Predicate = true> <Delay = 4.10> <Core = "MulnS">   --->   Core 17 'MulnS' <Latency = 2> <II = 1> <Delay = 4.10> <FuncUnit> <Opcode : 'mul'> <InPorts = 2> <OutPorts = 1>
ST_3 : Operation 46 [1/1] (0.00ns)   --->   "%tmp_3 = call i32 @_ssdm_op_PartSelect.i32.i46.i32.i32(i46 %r_V_s, i32 14, i32 45)" [firmware/nnet_utils/nnet_dense_latency.h:42]   --->   Operation 46 'partselect' 'tmp_3' <Predicate = true> <Delay = 0.00>
ST_3 : Operation 47 [1/3] (4.10ns)   --->   "%r_V_10_0_1 = mul i45 -3971, %r_V_cast3" [firmware/nnet_utils/nnet_mult.h:73->firmware/nnet_utils/nnet_dense_latency.h:42]   --->   Operation 47 'mul' 'r_V_10_0_1' <Predicate = true> <Delay = 4.10> <Core = "MulnS">   --->   Core 17 'MulnS' <Latency = 2> <II = 1> <Delay = 4.10> <FuncUnit> <Opcode : 'mul'> <InPorts = 2> <OutPorts = 1>
ST_3 : Operation 48 [1/1] (0.00ns)   --->   "%tmp_s = call i31 @_ssdm_op_PartSelect.i31.i45.i32.i32(i45 %r_V_10_0_1, i32 14, i32 44)" [firmware/nnet_utils/nnet_dense_latency.h:42]   --->   Operation 48 'partselect' 'tmp_s' <Predicate = true> <Delay = 0.00>
ST_3 : Operation 49 [1/3] (4.10ns)   --->   "%r_V_10_0_2 = mul i46 -8083, %r_V_cast" [firmware/nnet_utils/nnet_mult.h:73->firmware/nnet_utils/nnet_dense_latency.h:42]   --->   Operation 49 'mul' 'r_V_10_0_2' <Predicate = true> <Delay = 4.10> <Core = "MulnS">   --->   Core 17 'MulnS' <Latency = 2> <II = 1> <Delay = 4.10> <FuncUnit> <Opcode : 'mul'> <InPorts = 2> <OutPorts = 1>
ST_3 : Operation 50 [1/1] (0.00ns)   --->   "%tmp_33_0_2 = call i32 @_ssdm_op_PartSelect.i32.i46.i32.i32(i46 %r_V_10_0_2, i32 14, i32 45)" [firmware/nnet_utils/nnet_dense_latency.h:42]   --->   Operation 50 'partselect' 'tmp_33_0_2' <Predicate = true> <Delay = 0.00>
ST_3 : Operation 51 [1/3] (4.10ns)   --->   "%r_V_10_0_3 = mul i46 5539, %r_V_cast" [firmware/nnet_utils/nnet_mult.h:73->firmware/nnet_utils/nnet_dense_latency.h:42]   --->   Operation 51 'mul' 'r_V_10_0_3' <Predicate = true> <Delay = 4.10> <Core = "MulnS">   --->   Core 17 'MulnS' <Latency = 2> <II = 1> <Delay = 4.10> <FuncUnit> <Opcode : 'mul'> <InPorts = 2> <OutPorts = 1>
ST_3 : Operation 52 [1/1] (0.00ns)   --->   "%tmp_33_0_3 = call i32 @_ssdm_op_PartSelect.i32.i46.i32.i32(i46 %r_V_10_0_3, i32 14, i32 45)" [firmware/nnet_utils/nnet_dense_latency.h:42]   --->   Operation 52 'partselect' 'tmp_33_0_3' <Predicate = true> <Delay = 0.00>
ST_3 : Operation 53 [1/3] (4.10ns)   --->   "%r_V_10_0_4 = mul i46 6496, %r_V_cast" [firmware/nnet_utils/nnet_mult.h:73->firmware/nnet_utils/nnet_dense_latency.h:42]   --->   Operation 53 'mul' 'r_V_10_0_4' <Predicate = true> <Delay = 4.10> <Core = "MulnS">   --->   Core 17 'MulnS' <Latency = 2> <II = 1> <Delay = 4.10> <FuncUnit> <Opcode : 'mul'> <InPorts = 2> <OutPorts = 1>
ST_3 : Operation 54 [1/1] (0.00ns)   --->   "%tmp_33_0_4 = call i32 @_ssdm_op_PartSelect.i32.i46.i32.i32(i46 %r_V_10_0_4, i32 14, i32 45)" [firmware/nnet_utils/nnet_dense_latency.h:42]   --->   Operation 54 'partselect' 'tmp_33_0_4' <Predicate = true> <Delay = 0.00>
ST_3 : Operation 55 [1/3] (4.10ns)   --->   "%r_V_10_0_5 = mul i46 8165, %r_V_cast" [firmware/nnet_utils/nnet_mult.h:73->firmware/nnet_utils/nnet_dense_latency.h:42]   --->   Operation 55 'mul' 'r_V_10_0_5' <Predicate = true> <Delay = 4.10> <Core = "MulnS">   --->   Core 17 'MulnS' <Latency = 2> <II = 1> <Delay = 4.10> <FuncUnit> <Opcode : 'mul'> <InPorts = 2> <OutPorts = 1>
ST_3 : Operation 56 [1/1] (0.00ns)   --->   "%tmp_33_0_5 = call i32 @_ssdm_op_PartSelect.i32.i46.i32.i32(i46 %r_V_10_0_5, i32 14, i32 45)" [firmware/nnet_utils/nnet_dense_latency.h:42]   --->   Operation 56 'partselect' 'tmp_33_0_5' <Predicate = true> <Delay = 0.00>
ST_3 : Operation 57 [1/3] (4.10ns)   --->   "%r_V_10_0_6 = mul i46 13918, %r_V_cast" [firmware/nnet_utils/nnet_mult.h:73->firmware/nnet_utils/nnet_dense_latency.h:42]   --->   Operation 57 'mul' 'r_V_10_0_6' <Predicate = true> <Delay = 4.10> <Core = "MulnS">   --->   Core 17 'MulnS' <Latency = 2> <II = 1> <Delay = 4.10> <FuncUnit> <Opcode : 'mul'> <InPorts = 2> <OutPorts = 1>
ST_3 : Operation 58 [1/1] (0.00ns)   --->   "%tmp_33_0_6 = call i32 @_ssdm_op_PartSelect.i32.i46.i32.i32(i46 %r_V_10_0_6, i32 14, i32 45)" [firmware/nnet_utils/nnet_dense_latency.h:42]   --->   Operation 58 'partselect' 'tmp_33_0_6' <Predicate = true> <Delay = 0.00>
ST_3 : Operation 59 [1/3] (4.10ns)   --->   "%r_V_10_0_7 = mul i46 9298, %r_V_cast" [firmware/nnet_utils/nnet_mult.h:73->firmware/nnet_utils/nnet_dense_latency.h:42]   --->   Operation 59 'mul' 'r_V_10_0_7' <Predicate = true> <Delay = 4.10> <Core = "MulnS">   --->   Core 17 'MulnS' <Latency = 2> <II = 1> <Delay = 4.10> <FuncUnit> <Opcode : 'mul'> <InPorts = 2> <OutPorts = 1>
ST_3 : Operation 60 [1/1] (0.00ns)   --->   "%tmp_33_0_7 = call i32 @_ssdm_op_PartSelect.i32.i46.i32.i32(i46 %r_V_10_0_7, i32 14, i32 45)" [firmware/nnet_utils/nnet_dense_latency.h:42]   --->   Operation 60 'partselect' 'tmp_33_0_7' <Predicate = true> <Delay = 0.00>
ST_3 : Operation 61 [1/3] (4.10ns)   --->   "%r_V_10_1 = mul i46 4872, %r_V_1_cast" [firmware/nnet_utils/nnet_mult.h:73->firmware/nnet_utils/nnet_dense_latency.h:42]   --->   Operation 61 'mul' 'r_V_10_1' <Predicate = true> <Delay = 4.10> <Core = "MulnS">   --->   Core 17 'MulnS' <Latency = 2> <II = 1> <Delay = 4.10> <FuncUnit> <Opcode : 'mul'> <InPorts = 2> <OutPorts = 1>
ST_3 : Operation 62 [1/1] (0.00ns)   --->   "%tmp_33_1 = call i32 @_ssdm_op_PartSelect.i32.i46.i32.i32(i46 %r_V_10_1, i32 14, i32 45)" [firmware/nnet_utils/nnet_dense_latency.h:42]   --->   Operation 62 'partselect' 'tmp_33_1' <Predicate = true> <Delay = 0.00>
ST_3 : Operation 63 [1/3] (4.10ns)   --->   "%r_V_10_1_1 = mul i46 -7890, %r_V_1_cast" [firmware/nnet_utils/nnet_mult.h:73->firmware/nnet_utils/nnet_dense_latency.h:42]   --->   Operation 63 'mul' 'r_V_10_1_1' <Predicate = true> <Delay = 4.10> <Core = "MulnS">   --->   Core 17 'MulnS' <Latency = 2> <II = 1> <Delay = 4.10> <FuncUnit> <Opcode : 'mul'> <InPorts = 2> <OutPorts = 1>
ST_3 : Operation 64 [1/1] (0.00ns)   --->   "%tmp_33_1_1 = call i32 @_ssdm_op_PartSelect.i32.i46.i32.i32(i46 %r_V_10_1_1, i32 14, i32 45)" [firmware/nnet_utils/nnet_dense_latency.h:42]   --->   Operation 64 'partselect' 'tmp_33_1_1' <Predicate = true> <Delay = 0.00>
ST_3 : Operation 65 [1/3] (4.10ns)   --->   "%r_V_10_1_2 = mul i46 -4718, %r_V_1_cast" [firmware/nnet_utils/nnet_mult.h:73->firmware/nnet_utils/nnet_dense_latency.h:42]   --->   Operation 65 'mul' 'r_V_10_1_2' <Predicate = true> <Delay = 4.10> <Core = "MulnS">   --->   Core 17 'MulnS' <Latency = 2> <II = 1> <Delay = 4.10> <FuncUnit> <Opcode : 'mul'> <InPorts = 2> <OutPorts = 1>
ST_3 : Operation 66 [1/1] (0.00ns)   --->   "%tmp_33_1_2 = call i32 @_ssdm_op_PartSelect.i32.i46.i32.i32(i46 %r_V_10_1_2, i32 14, i32 45)" [firmware/nnet_utils/nnet_dense_latency.h:42]   --->   Operation 66 'partselect' 'tmp_33_1_2' <Predicate = true> <Delay = 0.00>
ST_3 : Operation 67 [1/3] (4.10ns)   --->   "%r_V_10_1_3 = mul i46 5117, %r_V_1_cast" [firmware/nnet_utils/nnet_mult.h:73->firmware/nnet_utils/nnet_dense_latency.h:42]   --->   Operation 67 'mul' 'r_V_10_1_3' <Predicate = true> <Delay = 4.10> <Core = "MulnS">   --->   Core 17 'MulnS' <Latency = 2> <II = 1> <Delay = 4.10> <FuncUnit> <Opcode : 'mul'> <InPorts = 2> <OutPorts = 1>
ST_3 : Operation 68 [1/1] (0.00ns)   --->   "%tmp_33_1_3 = call i32 @_ssdm_op_PartSelect.i32.i46.i32.i32(i46 %r_V_10_1_3, i32 14, i32 45)" [firmware/nnet_utils/nnet_dense_latency.h:42]   --->   Operation 68 'partselect' 'tmp_33_1_3' <Predicate = true> <Delay = 0.00>
ST_3 : Operation 69 [1/3] (4.10ns)   --->   "%r_V_10_1_4 = mul i46 -10551, %r_V_1_cast" [firmware/nnet_utils/nnet_mult.h:73->firmware/nnet_utils/nnet_dense_latency.h:42]   --->   Operation 69 'mul' 'r_V_10_1_4' <Predicate = true> <Delay = 4.10> <Core = "MulnS">   --->   Core 17 'MulnS' <Latency = 2> <II = 1> <Delay = 4.10> <FuncUnit> <Opcode : 'mul'> <InPorts = 2> <OutPorts = 1>
ST_3 : Operation 70 [1/1] (0.00ns)   --->   "%tmp_33_1_4 = call i32 @_ssdm_op_PartSelect.i32.i46.i32.i32(i46 %r_V_10_1_4, i32 14, i32 45)" [firmware/nnet_utils/nnet_dense_latency.h:42]   --->   Operation 70 'partselect' 'tmp_33_1_4' <Predicate = true> <Delay = 0.00>
ST_3 : Operation 71 [1/3] (4.10ns)   --->   "%r_V_10_1_5 = mul i44 2015, %r_V_1_cast9" [firmware/nnet_utils/nnet_mult.h:73->firmware/nnet_utils/nnet_dense_latency.h:42]   --->   Operation 71 'mul' 'r_V_10_1_5' <Predicate = true> <Delay = 4.10> <Core = "MulnS">   --->   Core 17 'MulnS' <Latency = 2> <II = 1> <Delay = 4.10> <FuncUnit> <Opcode : 'mul'> <InPorts = 2> <OutPorts = 1>
ST_3 : Operation 72 [1/1] (0.00ns)   --->   "%tmp_28 = call i30 @_ssdm_op_PartSelect.i30.i44.i32.i32(i44 %r_V_10_1_5, i32 14, i32 43)" [firmware/nnet_utils/nnet_mult.h:73->firmware/nnet_utils/nnet_dense_latency.h:42]   --->   Operation 72 'partselect' 'tmp_28' <Predicate = true> <Delay = 0.00>
ST_3 : Operation 73 [1/3] (4.10ns)   --->   "%r_V_10_1_6 = mul i46 -5491, %r_V_1_cast" [firmware/nnet_utils/nnet_mult.h:73->firmware/nnet_utils/nnet_dense_latency.h:42]   --->   Operation 73 'mul' 'r_V_10_1_6' <Predicate = true> <Delay = 4.10> <Core = "MulnS">   --->   Core 17 'MulnS' <Latency = 2> <II = 1> <Delay = 4.10> <FuncUnit> <Opcode : 'mul'> <InPorts = 2> <OutPorts = 1>
ST_3 : Operation 74 [1/1] (0.00ns)   --->   "%tmp_33_1_6 = call i32 @_ssdm_op_PartSelect.i32.i46.i32.i32(i46 %r_V_10_1_6, i32 14, i32 45)" [firmware/nnet_utils/nnet_dense_latency.h:42]   --->   Operation 74 'partselect' 'tmp_33_1_6' <Predicate = true> <Delay = 0.00>
ST_3 : Operation 75 [1/3] (4.10ns)   --->   "%r_V_10_1_7 = mul i45 -3013, %r_V_1_cast2" [firmware/nnet_utils/nnet_mult.h:73->firmware/nnet_utils/nnet_dense_latency.h:42]   --->   Operation 75 'mul' 'r_V_10_1_7' <Predicate = true> <Delay = 4.10> <Core = "MulnS">   --->   Core 17 'MulnS' <Latency = 2> <II = 1> <Delay = 4.10> <FuncUnit> <Opcode : 'mul'> <InPorts = 2> <OutPorts = 1>
ST_3 : Operation 76 [1/1] (0.00ns)   --->   "%tmp_29 = call i31 @_ssdm_op_PartSelect.i31.i45.i32.i32(i45 %r_V_10_1_7, i32 14, i32 44)" [firmware/nnet_utils/nnet_dense_latency.h:42]   --->   Operation 76 'partselect' 'tmp_29' <Predicate = true> <Delay = 0.00>

State 4 <SV = 3> <Delay = 3.00>
ST_4 : Operation 77 [1/1] (0.00ns)   --->   "call void (...)* @_ssdm_op_SpecPipeline(i32 1, i32 1, i32 1, i32 0, [1 x i8]* @p_str7) nounwind" [firmware/nnet_utils/nnet_dense_latency.h:26]   --->   Operation 77 'specpipeline' <Predicate = true> <Delay = 0.00>
ST_4 : Operation 78 [1/1] (0.00ns)   --->   "call void (...)* @_ssdm_op_SpecResourceLimit(i32 16, [4 x i8]* @p_str9, [1 x i8]* @p_str7, [1 x i8]* @p_str7, [1 x i8]* @p_str7) nounwind" [firmware/nnet_utils/nnet_dense_latency.h:33]   --->   Operation 78 'specresourcelimit' <Predicate = true> <Delay = 0.00>
ST_4 : Operation 79 [1/1] (0.00ns)   --->   "%tmp_27 = sext i31 %tmp_s to i32" [firmware/nnet_utils/nnet_dense_latency.h:42]   --->   Operation 79 'sext' 'tmp_27' <Predicate = true> <Delay = 0.00>
ST_4 : Operation 80 [1/1] (0.00ns)   --->   "%tmp_31_cast = sext i30 %tmp_28 to i31" [firmware/nnet_utils/nnet_mult.h:73->firmware/nnet_utils/nnet_dense_latency.h:42]   --->   Operation 80 'sext' 'tmp_31_cast' <Predicate = true> <Delay = 0.00>
ST_4 : Operation 81 [1/1] (0.00ns)   --->   "%tmp_30 = sext i31 %tmp_29 to i32" [firmware/nnet_utils/nnet_dense_latency.h:42]   --->   Operation 81 'sext' 'tmp_30' <Predicate = true> <Delay = 0.00>
ST_4 : Operation 82 [1/1] (0.00ns) (grouped into TernaryAdder)   --->   "%tmp1 = add i32 2521, %tmp_33_1" [firmware/nnet_utils/nnet_dense_latency.h:58]   --->   Operation 82 'add' 'tmp1' <Predicate = true> <Delay = 0.00> <Core = "TAddSub">   --->   Core 84 'TAddSub' <Latency = 0> <II = 1> <Delay = 1.12> <IPBlock> <Opcode : 'add' 'sub'> <InPorts = 3> <OutPorts = 1> <Sync> <CReg>
ST_4 : Operation 83 [1/1] (2.25ns) (root node of TernaryAdder)   --->   "%res_0_V_write_assign = add i32 %tmp1, %tmp_3" [firmware/nnet_utils/nnet_dense_latency.h:58]   --->   Operation 83 'add' 'res_0_V_write_assign' <Predicate = true> <Delay = 2.25> <Core = "TAddSub">   --->   Core 84 'TAddSub' <Latency = 0> <II = 1> <Delay = 1.12> <IPBlock> <Opcode : 'add' 'sub'> <InPorts = 3> <OutPorts = 1> <Sync> <CReg>
ST_4 : Operation 84 [1/1] (0.00ns) (grouped into TernaryAdder)   --->   "%tmp2 = add i32 1786, %tmp_33_1_1" [firmware/nnet_utils/nnet_dense_latency.h:58]   --->   Operation 84 'add' 'tmp2' <Predicate = true> <Delay = 0.00> <Core = "TAddSub">   --->   Core 84 'TAddSub' <Latency = 0> <II = 1> <Delay = 1.12> <IPBlock> <Opcode : 'add' 'sub'> <InPorts = 3> <OutPorts = 1> <Sync> <CReg>
ST_4 : Operation 85 [1/1] (2.25ns) (root node of TernaryAdder)   --->   "%acc_1_V = add i32 %tmp2, %tmp_27" [firmware/nnet_utils/nnet_dense_latency.h:58]   --->   Operation 85 'add' 'acc_1_V' <Predicate = true> <Delay = 2.25> <Core = "TAddSub">   --->   Core 84 'TAddSub' <Latency = 0> <II = 1> <Delay = 1.12> <IPBlock> <Opcode : 'add' 'sub'> <InPorts = 3> <OutPorts = 1> <Sync> <CReg>
ST_4 : Operation 86 [1/1] (0.00ns) (grouped into TernaryAdder)   --->   "%tmp3 = add i32 3848, %tmp_33_1_2" [firmware/nnet_utils/nnet_dense_latency.h:58]   --->   Operation 86 'add' 'tmp3' <Predicate = true> <Delay = 0.00> <Core = "TAddSub">   --->   Core 84 'TAddSub' <Latency = 0> <II = 1> <Delay = 1.12> <IPBlock> <Opcode : 'add' 'sub'> <InPorts = 3> <OutPorts = 1> <Sync> <CReg>
ST_4 : Operation 87 [1/1] (2.25ns) (root node of TernaryAdder)   --->   "%acc_2_V = add i32 %tmp3, %tmp_33_0_2" [firmware/nnet_utils/nnet_dense_latency.h:58]   --->   Operation 87 'add' 'acc_2_V' <Predicate = true> <Delay = 2.25> <Core = "TAddSub">   --->   Core 84 'TAddSub' <Latency = 0> <II = 1> <Delay = 1.12> <IPBlock> <Opcode : 'add' 'sub'> <InPorts = 3> <OutPorts = 1> <Sync> <CReg>
ST_4 : Operation 88 [1/1] (0.00ns) (grouped into TernaryAdder)   --->   "%tmp4 = add i32 5213, %tmp_33_1_3" [firmware/nnet_utils/nnet_dense_latency.h:58]   --->   Operation 88 'add' 'tmp4' <Predicate = true> <Delay = 0.00> <Core = "TAddSub">   --->   Core 84 'TAddSub' <Latency = 0> <II = 1> <Delay = 1.12> <IPBlock> <Opcode : 'add' 'sub'> <InPorts = 3> <OutPorts = 1> <Sync> <CReg>
ST_4 : Operation 89 [1/1] (2.25ns) (root node of TernaryAdder)   --->   "%acc_3_V = add i32 %tmp4, %tmp_33_0_3" [firmware/nnet_utils/nnet_dense_latency.h:58]   --->   Operation 89 'add' 'acc_3_V' <Predicate = true> <Delay = 2.25> <Core = "TAddSub">   --->   Core 84 'TAddSub' <Latency = 0> <II = 1> <Delay = 1.12> <IPBlock> <Opcode : 'add' 'sub'> <InPorts = 3> <OutPorts = 1> <Sync> <CReg>
ST_4 : Operation 90 [1/1] (0.00ns) (grouped into TernaryAdder)   --->   "%tmp5 = add i32 -2647, %tmp_33_1_4" [firmware/nnet_utils/nnet_dense_latency.h:58]   --->   Operation 90 'add' 'tmp5' <Predicate = true> <Delay = 0.00> <Core = "TAddSub">   --->   Core 84 'TAddSub' <Latency = 0> <II = 1> <Delay = 1.12> <IPBlock> <Opcode : 'add' 'sub'> <InPorts = 3> <OutPorts = 1> <Sync> <CReg>
ST_4 : Operation 91 [1/1] (2.25ns) (root node of TernaryAdder)   --->   "%acc_4_V = add i32 %tmp5, %tmp_33_0_4" [firmware/nnet_utils/nnet_dense_latency.h:58]   --->   Operation 91 'add' 'acc_4_V' <Predicate = true> <Delay = 2.25> <Core = "TAddSub">   --->   Core 84 'TAddSub' <Latency = 0> <II = 1> <Delay = 1.12> <IPBlock> <Opcode : 'add' 'sub'> <InPorts = 3> <OutPorts = 1> <Sync> <CReg>
ST_4 : Operation 92 [1/1] (1.48ns)   --->   "%tmp6 = add i31 -778, %tmp_31_cast" [firmware/nnet_utils/nnet_dense_latency.h:58]   --->   Operation 92 'add' 'tmp6' <Predicate = true> <Delay = 1.48> <Core = "AddSub">   --->   Core 14 'AddSub' <Latency = 0> <II = 1> <Delay = 1.51> <FuncUnit> <Opcode : 'add' 'sub'> <InPorts = 2> <OutPorts = 1>
ST_4 : Operation 93 [1/1] (0.00ns)   --->   "%tmp6_cast = sext i31 %tmp6 to i32" [firmware/nnet_utils/nnet_dense_latency.h:58]   --->   Operation 93 'sext' 'tmp6_cast' <Predicate = true> <Delay = 0.00>
ST_4 : Operation 94 [1/1] (1.51ns)   --->   "%acc_5_V = add i32 %tmp6_cast, %tmp_33_0_5" [firmware/nnet_utils/nnet_dense_latency.h:58]   --->   Operation 94 'add' 'acc_5_V' <Predicate = true> <Delay = 1.51> <Core = "AddSub">   --->   Core 14 'AddSub' <Latency = 0> <II = 1> <Delay = 1.51> <FuncUnit> <Opcode : 'add' 'sub'> <InPorts = 2> <OutPorts = 1>
ST_4 : Operation 95 [1/1] (0.00ns) (grouped into TernaryAdder)   --->   "%tmp7 = add i32 620, %tmp_33_1_6" [firmware/nnet_utils/nnet_dense_latency.h:58]   --->   Operation 95 'add' 'tmp7' <Predicate = true> <Delay = 0.00> <Core = "TAddSub">   --->   Core 84 'TAddSub' <Latency = 0> <II = 1> <Delay = 1.12> <IPBlock> <Opcode : 'add' 'sub'> <InPorts = 3> <OutPorts = 1> <Sync> <CReg>
ST_4 : Operation 96 [1/1] (2.25ns) (root node of TernaryAdder)   --->   "%acc_6_V = add i32 %tmp7, %tmp_33_0_6" [firmware/nnet_utils/nnet_dense_latency.h:58]   --->   Operation 96 'add' 'acc_6_V' <Predicate = true> <Delay = 2.25> <Core = "TAddSub">   --->   Core 84 'TAddSub' <Latency = 0> <II = 1> <Delay = 1.12> <IPBlock> <Opcode : 'add' 'sub'> <InPorts = 3> <OutPorts = 1> <Sync> <CReg>
ST_4 : Operation 97 [1/1] (0.00ns) (grouped into TernaryAdder)   --->   "%tmp8 = add i32 -1402, %tmp_30" [firmware/nnet_utils/nnet_dense_latency.h:58]   --->   Operation 97 'add' 'tmp8' <Predicate = true> <Delay = 0.00> <Core = "TAddSub">   --->   Core 84 'TAddSub' <Latency = 0> <II = 1> <Delay = 1.12> <IPBlock> <Opcode : 'add' 'sub'> <InPorts = 3> <OutPorts = 1> <Sync> <CReg>
ST_4 : Operation 98 [1/1] (2.25ns) (root node of TernaryAdder)   --->   "%acc_7_V = add i32 %tmp8, %tmp_33_0_7" [firmware/nnet_utils/nnet_dense_latency.h:58]   --->   Operation 98 'add' 'acc_7_V' <Predicate = true> <Delay = 2.25> <Core = "TAddSub">   --->   Core 84 'TAddSub' <Latency = 0> <II = 1> <Delay = 1.12> <IPBlock> <Opcode : 'add' 'sub'> <InPorts = 3> <OutPorts = 1> <Sync> <CReg>
ST_4 : Operation 99 [1/1] (0.00ns)   --->   "%mrv = insertvalue { i32, i32, i32, i32, i32, i32, i32, i32 } undef, i32 %res_0_V_write_assign, 0" [firmware/nnet_utils/nnet_dense_latency.h:68]   --->   Operation 99 'insertvalue' 'mrv' <Predicate = true> <Delay = 0.00>
ST_4 : Operation 100 [1/1] (0.00ns)   --->   "%mrv_1 = insertvalue { i32, i32, i32, i32, i32, i32, i32, i32 } %mrv, i32 %acc_1_V, 1" [firmware/nnet_utils/nnet_dense_latency.h:68]   --->   Operation 100 'insertvalue' 'mrv_1' <Predicate = true> <Delay = 0.00>
ST_4 : Operation 101 [1/1] (0.00ns)   --->   "%mrv_2 = insertvalue { i32, i32, i32, i32, i32, i32, i32, i32 } %mrv_1, i32 %acc_2_V, 2" [firmware/nnet_utils/nnet_dense_latency.h:68]   --->   Operation 101 'insertvalue' 'mrv_2' <Predicate = true> <Delay = 0.00>
ST_4 : Operation 102 [1/1] (0.00ns)   --->   "%mrv_3 = insertvalue { i32, i32, i32, i32, i32, i32, i32, i32 } %mrv_2, i32 %acc_3_V, 3" [firmware/nnet_utils/nnet_dense_latency.h:68]   --->   Operation 102 'insertvalue' 'mrv_3' <Predicate = true> <Delay = 0.00>
ST_4 : Operation 103 [1/1] (0.00ns)   --->   "%mrv_4 = insertvalue { i32, i32, i32, i32, i32, i32, i32, i32 } %mrv_3, i32 %acc_4_V, 4" [firmware/nnet_utils/nnet_dense_latency.h:68]   --->   Operation 103 'insertvalue' 'mrv_4' <Predicate = true> <Delay = 0.00>
ST_4 : Operation 104 [1/1] (0.00ns)   --->   "%mrv_5 = insertvalue { i32, i32, i32, i32, i32, i32, i32, i32 } %mrv_4, i32 %acc_5_V, 5" [firmware/nnet_utils/nnet_dense_latency.h:68]   --->   Operation 104 'insertvalue' 'mrv_5' <Predicate = true> <Delay = 0.00>
ST_4 : Operation 105 [1/1] (0.00ns)   --->   "%mrv_6 = insertvalue { i32, i32, i32, i32, i32, i32, i32, i32 } %mrv_5, i32 %acc_6_V, 6" [firmware/nnet_utils/nnet_dense_latency.h:68]   --->   Operation 105 'insertvalue' 'mrv_6' <Predicate = true> <Delay = 0.00>
ST_4 : Operation 106 [1/1] (0.00ns)   --->   "%mrv_7 = insertvalue { i32, i32, i32, i32, i32, i32, i32, i32 } %mrv_6, i32 %acc_7_V, 7" [firmware/nnet_utils/nnet_dense_latency.h:68]   --->   Operation 106 'insertvalue' 'mrv_7' <Predicate = true> <Delay = 0.00>
ST_4 : Operation 107 [1/1] (0.00ns)   --->   "ret { i32, i32, i32, i32, i32, i32, i32, i32 } %mrv_7" [firmware/nnet_utils/nnet_dense_latency.h:68]   --->   Operation 107 'ret' <Predicate = true> <Delay = 0.00>


============================================================
+ Verbose Summary: Timing violations
============================================================
Target clock period: 5ns, clock uncertainty: 0.625ns.

 <State 1>: 4.11ns
The critical path consists of the following:
	wire read on port 'data_V_read' (firmware/nnet_utils/nnet_dense_latency.h:13) [2]  (0 ns)
	'mul' operation ('r_V_s', firmware/nnet_utils/nnet_mult.h:73->firmware/nnet_utils/nnet_dense_latency.h:42) [8]  (4.11 ns)

 <State 2>: 4.11ns
The critical path consists of the following:
	'mul' operation ('r_V_s', firmware/nnet_utils/nnet_mult.h:73->firmware/nnet_utils/nnet_dense_latency.h:42) [8]  (4.11 ns)

 <State 3>: 4.11ns
The critical path consists of the following:
	'mul' operation ('r_V_s', firmware/nnet_utils/nnet_mult.h:73->firmware/nnet_utils/nnet_dense_latency.h:42) [8]  (4.11 ns)

 <State 4>: 3ns
The critical path consists of the following:
	'add' operation ('tmp6', firmware/nnet_utils/nnet_dense_latency.h:58) [57]  (1.49 ns)
	'add' operation ('acc[5].V', firmware/nnet_utils/nnet_dense_latency.h:58) [59]  (1.51 ns)


============================================================
+ Verbose Summary: Binding
============================================================
N/A
* FSMD analyzer results:
  - Output states:
 - Input state : 
  - Chain level:
	State 1
	State 2
	State 3
	State 4


============================================================
+ Verbose Summary: Datapath Resource usage 
============================================================
N/A
