

================================================================
== Vivado HLS Report for 'dense_latency_ap_fixed_32_18_5_3_0_ap_fixed_32_18_5_3_0_config6_0_0'
================================================================
* Date:           Tue Oct 31 15:29:31 2023

* Version:        2018.3 (Build 2405991 on Thu Dec 06 23:56:15 MST 2018)
* Project:        myproject_prj
* Solution:       solution1
* Product family: virtex7
* Target device:  xc7vx485tffg1761-2


================================================================
== Performance Estimates
================================================================
+ Timing (ns): 
    * Summary: 
    +--------+-------+----------+------------+
    |  Clock | Target| Estimated| Uncertainty|
    +--------+-------+----------+------------+
    |ap_clk  |   5.00|     4.108|        0.62|
    +--------+-------+----------+------------+

+ Latency (clock cycles): 
    * Summary: 
    +-----+-----+-----+-----+----------+
    |  Latency  |  Interval | Pipeline |
    | min | max | min | max |   Type   |
    +-----+-----+-----+-----+----------+
    |    4|    4|    1|    1| function |
    +-----+-----+-----+-----+----------+

    + Detail: 
        * Instance: 
        N/A

        * Loop: 
        N/A

============================================================
+ Verbose Summary: Synthesis Manager
============================================================
InlineROM: 1
ExposeGlobal: 0
============================================================
+ Verbose Summary: CDFG Model
============================================================
IsTopModel: 0
ResetActiveHigh: 1
IsCombinational: 0
IsDatapathOnly: 0
HasWiredReturn: 1
HasMFsm: 2
HasVarLatency: 0
IsPipeline: 1
IsRtlPipelined: 1
IsInstanceOverlapped: 0
IsDontTouch: 0
HasImplIP: 0
IsGatedGlobalClock: 0

+ Individual pipeline summary: 
  * Pipeline-0: initiation interval (II) = 1, depth = 5


============================================================
+ Verbose Summary: Schedule
============================================================
* Number of FSM states : 5
* Pipeline : 1
  Pipeline-0 : II = 1, D = 5, States = { 1 2 3 4 5 }
* Dataflow Pipeline: 0

* FSM state transitions: 
1 --> 
	2  / true
2 --> 
	3  / true
3 --> 
	4  / true
4 --> 
	5  / true
5 --> 

* FSM state operations: 

State 1 <SV = 0> <Delay = 4.10>
ST_1 : Operation 6 [1/1] (0.00ns)   --->   "%data_3_V_read_3 = call i32 @_ssdm_op_Read.ap_auto.i32(i32 %data_3_V_read)" [firmware/nnet_utils/nnet_dense_latency.h:13]   --->   Operation 6 'read' 'data_3_V_read_3' <Predicate = true> <Delay = 0.00>
ST_1 : Operation 7 [1/1] (0.00ns)   --->   "%data_2_V_read_3 = call i32 @_ssdm_op_Read.ap_auto.i32(i32 %data_2_V_read)" [firmware/nnet_utils/nnet_dense_latency.h:13]   --->   Operation 7 'read' 'data_2_V_read_3' <Predicate = true> <Delay = 0.00>
ST_1 : Operation 8 [1/1] (0.00ns)   --->   "%data_1_V_read_3 = call i32 @_ssdm_op_Read.ap_auto.i32(i32 %data_1_V_read)" [firmware/nnet_utils/nnet_dense_latency.h:13]   --->   Operation 8 'read' 'data_1_V_read_3' <Predicate = true> <Delay = 0.00>
ST_1 : Operation 9 [1/1] (0.00ns)   --->   "%data_0_V_read_3 = call i32 @_ssdm_op_Read.ap_auto.i32(i32 %data_0_V_read)" [firmware/nnet_utils/nnet_dense_latency.h:13]   --->   Operation 9 'read' 'data_0_V_read_3' <Predicate = true> <Delay = 0.00>
ST_1 : Operation 10 [1/1] (0.00ns)   --->   "%r_V_2_cast = sext i32 %data_2_V_read_3 to i46" [firmware/nnet_utils/nnet_mult.h:73->firmware/nnet_utils/nnet_dense_latency.h:42]   --->   Operation 10 'sext' 'r_V_2_cast' <Predicate = true> <Delay = 0.00>
ST_1 : Operation 11 [3/3] (4.10ns)   --->   "%r_V_6_2 = mul i46 %r_V_2_cast, 14577" [firmware/nnet_utils/nnet_mult.h:73->firmware/nnet_utils/nnet_dense_latency.h:42]   --->   Operation 11 'mul' 'r_V_6_2' <Predicate = true> <Delay = 4.10> <Core = "MulnS">   --->   Core 17 'MulnS' <Latency = 2> <II = 1> <Delay = 4.10> <FuncUnit> <Opcode : 'mul'> <InPorts = 2> <OutPorts = 1>
ST_1 : Operation 12 [1/1] (0.00ns)   --->   "%r_V_3_cast = sext i32 %data_3_V_read_3 to i46" [firmware/nnet_utils/nnet_mult.h:73->firmware/nnet_utils/nnet_dense_latency.h:42]   --->   Operation 12 'sext' 'r_V_3_cast' <Predicate = true> <Delay = 0.00>
ST_1 : Operation 13 [3/3] (4.10ns)   --->   "%r_V_6_3 = mul i46 %r_V_3_cast, -13394" [firmware/nnet_utils/nnet_mult.h:73->firmware/nnet_utils/nnet_dense_latency.h:42]   --->   Operation 13 'mul' 'r_V_6_3' <Predicate = true> <Delay = 4.10> <Core = "MulnS">   --->   Core 17 'MulnS' <Latency = 2> <II = 1> <Delay = 4.10> <FuncUnit> <Opcode : 'mul'> <InPorts = 2> <OutPorts = 1>

State 2 <SV = 1> <Delay = 4.10>
ST_2 : Operation 14 [1/1] (0.00ns)   --->   "%r_V_cast = sext i32 %data_0_V_read_3 to i46" [firmware/nnet_utils/nnet_mult.h:73->firmware/nnet_utils/nnet_dense_latency.h:42]   --->   Operation 14 'sext' 'r_V_cast' <Predicate = true> <Delay = 0.00>
ST_2 : Operation 15 [3/3] (4.10ns)   --->   "%r_V_6 = mul i46 %r_V_cast, -11416" [firmware/nnet_utils/nnet_mult.h:73->firmware/nnet_utils/nnet_dense_latency.h:42]   --->   Operation 15 'mul' 'r_V_6' <Predicate = true> <Delay = 4.10> <Core = "MulnS">   --->   Core 17 'MulnS' <Latency = 2> <II = 1> <Delay = 4.10> <FuncUnit> <Opcode : 'mul'> <InPorts = 2> <OutPorts = 1>
ST_2 : Operation 16 [1/1] (0.00ns)   --->   "%r_V_1_cast = sext i32 %data_1_V_read_3 to i46" [firmware/nnet_utils/nnet_mult.h:73->firmware/nnet_utils/nnet_dense_latency.h:42]   --->   Operation 16 'sext' 'r_V_1_cast' <Predicate = true> <Delay = 0.00>
ST_2 : Operation 17 [3/3] (4.10ns)   --->   "%r_V_6_1 = mul i46 %r_V_1_cast, -6342" [firmware/nnet_utils/nnet_mult.h:73->firmware/nnet_utils/nnet_dense_latency.h:42]   --->   Operation 17 'mul' 'r_V_6_1' <Predicate = true> <Delay = 4.10> <Core = "MulnS">   --->   Core 17 'MulnS' <Latency = 2> <II = 1> <Delay = 4.10> <FuncUnit> <Opcode : 'mul'> <InPorts = 2> <OutPorts = 1>
ST_2 : Operation 18 [2/3] (4.10ns)   --->   "%r_V_6_2 = mul i46 %r_V_2_cast, 14577" [firmware/nnet_utils/nnet_mult.h:73->firmware/nnet_utils/nnet_dense_latency.h:42]   --->   Operation 18 'mul' 'r_V_6_2' <Predicate = true> <Delay = 4.10> <Core = "MulnS">   --->   Core 17 'MulnS' <Latency = 2> <II = 1> <Delay = 4.10> <FuncUnit> <Opcode : 'mul'> <InPorts = 2> <OutPorts = 1>
ST_2 : Operation 19 [2/3] (4.10ns)   --->   "%r_V_6_3 = mul i46 %r_V_3_cast, -13394" [firmware/nnet_utils/nnet_mult.h:73->firmware/nnet_utils/nnet_dense_latency.h:42]   --->   Operation 19 'mul' 'r_V_6_3' <Predicate = true> <Delay = 4.10> <Core = "MulnS">   --->   Core 17 'MulnS' <Latency = 2> <II = 1> <Delay = 4.10> <FuncUnit> <Opcode : 'mul'> <InPorts = 2> <OutPorts = 1>

State 3 <SV = 2> <Delay = 4.10>
ST_3 : Operation 20 [2/3] (4.10ns)   --->   "%r_V_6 = mul i46 %r_V_cast, -11416" [firmware/nnet_utils/nnet_mult.h:73->firmware/nnet_utils/nnet_dense_latency.h:42]   --->   Operation 20 'mul' 'r_V_6' <Predicate = true> <Delay = 4.10> <Core = "MulnS">   --->   Core 17 'MulnS' <Latency = 2> <II = 1> <Delay = 4.10> <FuncUnit> <Opcode : 'mul'> <InPorts = 2> <OutPorts = 1>
ST_3 : Operation 21 [2/3] (4.10ns)   --->   "%r_V_6_1 = mul i46 %r_V_1_cast, -6342" [firmware/nnet_utils/nnet_mult.h:73->firmware/nnet_utils/nnet_dense_latency.h:42]   --->   Operation 21 'mul' 'r_V_6_1' <Predicate = true> <Delay = 4.10> <Core = "MulnS">   --->   Core 17 'MulnS' <Latency = 2> <II = 1> <Delay = 4.10> <FuncUnit> <Opcode : 'mul'> <InPorts = 2> <OutPorts = 1>
ST_3 : Operation 22 [1/3] (4.10ns)   --->   "%r_V_6_2 = mul i46 %r_V_2_cast, 14577" [firmware/nnet_utils/nnet_mult.h:73->firmware/nnet_utils/nnet_dense_latency.h:42]   --->   Operation 22 'mul' 'r_V_6_2' <Predicate = true> <Delay = 4.10> <Core = "MulnS">   --->   Core 17 'MulnS' <Latency = 2> <II = 1> <Delay = 4.10> <FuncUnit> <Opcode : 'mul'> <InPorts = 2> <OutPorts = 1>
ST_3 : Operation 23 [1/1] (0.00ns)   --->   "%tmp_5_2 = call i32 @_ssdm_op_PartSelect.i32.i46.i32.i32(i46 %r_V_6_2, i32 14, i32 45)" [firmware/nnet_utils/nnet_dense_latency.h:42]   --->   Operation 23 'partselect' 'tmp_5_2' <Predicate = true> <Delay = 0.00>
ST_3 : Operation 24 [1/3] (4.10ns)   --->   "%r_V_6_3 = mul i46 %r_V_3_cast, -13394" [firmware/nnet_utils/nnet_mult.h:73->firmware/nnet_utils/nnet_dense_latency.h:42]   --->   Operation 24 'mul' 'r_V_6_3' <Predicate = true> <Delay = 4.10> <Core = "MulnS">   --->   Core 17 'MulnS' <Latency = 2> <II = 1> <Delay = 4.10> <FuncUnit> <Opcode : 'mul'> <InPorts = 2> <OutPorts = 1>
ST_3 : Operation 25 [1/1] (0.00ns)   --->   "%tmp_5_3 = call i32 @_ssdm_op_PartSelect.i32.i46.i32.i32(i46 %r_V_6_3, i32 14, i32 45)" [firmware/nnet_utils/nnet_dense_latency.h:42]   --->   Operation 25 'partselect' 'tmp_5_3' <Predicate = true> <Delay = 0.00>

State 4 <SV = 3> <Delay = 4.10>
ST_4 : Operation 26 [1/3] (4.10ns)   --->   "%r_V_6 = mul i46 %r_V_cast, -11416" [firmware/nnet_utils/nnet_mult.h:73->firmware/nnet_utils/nnet_dense_latency.h:42]   --->   Operation 26 'mul' 'r_V_6' <Predicate = true> <Delay = 4.10> <Core = "MulnS">   --->   Core 17 'MulnS' <Latency = 2> <II = 1> <Delay = 4.10> <FuncUnit> <Opcode : 'mul'> <InPorts = 2> <OutPorts = 1>
ST_4 : Operation 27 [1/1] (0.00ns)   --->   "%tmp_5 = call i32 @_ssdm_op_PartSelect.i32.i46.i32.i32(i46 %r_V_6, i32 14, i32 45)" [firmware/nnet_utils/nnet_dense_latency.h:42]   --->   Operation 27 'partselect' 'tmp_5' <Predicate = true> <Delay = 0.00>
ST_4 : Operation 28 [1/3] (4.10ns)   --->   "%r_V_6_1 = mul i46 %r_V_1_cast, -6342" [firmware/nnet_utils/nnet_mult.h:73->firmware/nnet_utils/nnet_dense_latency.h:42]   --->   Operation 28 'mul' 'r_V_6_1' <Predicate = true> <Delay = 4.10> <Core = "MulnS">   --->   Core 17 'MulnS' <Latency = 2> <II = 1> <Delay = 4.10> <FuncUnit> <Opcode : 'mul'> <InPorts = 2> <OutPorts = 1>
ST_4 : Operation 29 [1/1] (0.00ns)   --->   "%tmp_5_1 = call i32 @_ssdm_op_PartSelect.i32.i46.i32.i32(i46 %r_V_6_1, i32 14, i32 45)" [firmware/nnet_utils/nnet_dense_latency.h:42]   --->   Operation 29 'partselect' 'tmp_5_1' <Predicate = true> <Delay = 0.00>
ST_4 : Operation 30 [1/1] (0.00ns) (grouped into TernaryAdder)   --->   "%tmp2 = add i32 %tmp_5_3, 5341" [firmware/nnet_utils/nnet_dense_latency.h:58]   --->   Operation 30 'add' 'tmp2' <Predicate = true> <Delay = 0.00> <Core = "TAddSub">   --->   Core 84 'TAddSub' <Latency = 0> <II = 1> <Delay = 1.12> <IPBlock> <Opcode : 'add' 'sub'> <InPorts = 3> <OutPorts = 1> <Sync> <CReg>
ST_4 : Operation 31 [1/1] (2.25ns) (root node of TernaryAdder)   --->   "%tmp1 = add i32 %tmp2, %tmp_5_2" [firmware/nnet_utils/nnet_dense_latency.h:58]   --->   Operation 31 'add' 'tmp1' <Predicate = true> <Delay = 2.25> <Core = "TAddSub">   --->   Core 84 'TAddSub' <Latency = 0> <II = 1> <Delay = 1.12> <IPBlock> <Opcode : 'add' 'sub'> <InPorts = 3> <OutPorts = 1> <Sync> <CReg>

State 5 <SV = 4> <Delay = 2.25>
ST_5 : Operation 32 [1/1] (0.00ns)   --->   "call void (...)* @_ssdm_op_SpecPipeline(i32 1, i32 1, i32 1, i32 0, [1 x i8]* @p_str7) nounwind" [firmware/nnet_utils/nnet_dense_latency.h:26]   --->   Operation 32 'specpipeline' <Predicate = true> <Delay = 0.00>
ST_5 : Operation 33 [1/1] (0.00ns)   --->   "call void (...)* @_ssdm_op_SpecResourceLimit(i32 4, [4 x i8]* @p_str9, [1 x i8]* @p_str7, [1 x i8]* @p_str7, [1 x i8]* @p_str7) nounwind" [firmware/nnet_utils/nnet_dense_latency.h:33]   --->   Operation 33 'specresourcelimit' <Predicate = true> <Delay = 0.00>
ST_5 : Operation 34 [1/1] (0.00ns)   --->   "call void (...)* @_ssdm_op_SpecLoopName([11 x i8]* @p_str12) nounwind" [firmware/nnet_utils/nnet_dense_latency.h:48]   --->   Operation 34 'specloopname' <Predicate = true> <Delay = 0.00>
ST_5 : Operation 35 [1/1] (0.00ns) (grouped into TernaryAdder)   --->   "%tmp = add i32 %tmp_5, %tmp_5_1" [firmware/nnet_utils/nnet_dense_latency.h:58]   --->   Operation 35 'add' 'tmp' <Predicate = true> <Delay = 0.00> <Core = "TAddSub">   --->   Core 84 'TAddSub' <Latency = 0> <II = 1> <Delay = 1.12> <IPBlock> <Opcode : 'add' 'sub'> <InPorts = 3> <OutPorts = 1> <Sync> <CReg>
ST_5 : Operation 36 [1/1] (2.25ns) (root node of TernaryAdder)   --->   "%res_V_write_assign = add i32 %tmp1, %tmp" [firmware/nnet_utils/nnet_dense_latency.h:58]   --->   Operation 36 'add' 'res_V_write_assign' <Predicate = true> <Delay = 2.25> <Core = "TAddSub">   --->   Core 84 'TAddSub' <Latency = 0> <II = 1> <Delay = 1.12> <IPBlock> <Opcode : 'add' 'sub'> <InPorts = 3> <OutPorts = 1> <Sync> <CReg>
ST_5 : Operation 37 [1/1] (0.00ns)   --->   "call void (...)* @_ssdm_op_SpecLoopName([7 x i8]* @p_str15) nounwind" [firmware/nnet_utils/nnet_dense_latency.h:64]   --->   Operation 37 'specloopname' <Predicate = true> <Delay = 0.00>
ST_5 : Operation 38 [1/1] (0.00ns)   --->   "ret i32 %res_V_write_assign" [firmware/nnet_utils/nnet_dense_latency.h:68]   --->   Operation 38 'ret' <Predicate = true> <Delay = 0.00>


============================================================
+ Verbose Summary: Timing violations
============================================================
Target clock period: 5ns, clock uncertainty: 0.625ns.

 <State 1>: 4.11ns
The critical path consists of the following:
	wire read on port 'data_3_V_read' (firmware/nnet_utils/nnet_dense_latency.h:13) [5]  (0 ns)
	'mul' operation ('r_V_6_3', firmware/nnet_utils/nnet_mult.h:73->firmware/nnet_utils/nnet_dense_latency.h:42) [21]  (4.11 ns)

 <State 2>: 4.11ns
The critical path consists of the following:
	'mul' operation ('r_V_6', firmware/nnet_utils/nnet_mult.h:73->firmware/nnet_utils/nnet_dense_latency.h:42) [12]  (4.11 ns)

 <State 3>: 4.11ns
The critical path consists of the following:
	'mul' operation ('r_V_6', firmware/nnet_utils/nnet_mult.h:73->firmware/nnet_utils/nnet_dense_latency.h:42) [12]  (4.11 ns)

 <State 4>: 4.11ns
The critical path consists of the following:
	'mul' operation ('r_V_6', firmware/nnet_utils/nnet_mult.h:73->firmware/nnet_utils/nnet_dense_latency.h:42) [12]  (4.11 ns)

 <State 5>: 2.25ns
The critical path consists of the following:
	'add' operation ('tmp', firmware/nnet_utils/nnet_dense_latency.h:58) [24]  (0 ns)
	'add' operation ('res.V', firmware/nnet_utils/nnet_dense_latency.h:58) [27]  (2.25 ns)


============================================================
+ Verbose Summary: Binding
============================================================
N/A
* FSMD analyzer results:
  - Output states:
 - Input state : 
  - Chain level:
	State 1
	State 2
	State 3
	State 4
	State 5


============================================================
+ Verbose Summary: Datapath Resource usage 
============================================================
N/A
