

================================================================
== Vivado HLS Report for 'relu_ap_fixed_16_6_5_3_0_ap_fixed_16_6_5_3_0_relu_config3_s'
================================================================
* Date:           Fri Oct 20 13:53:11 2023

* Version:        2018.3 (Build 2405991 on Thu Dec 06 23:56:15 MST 2018)
* Project:        myproject_prj
* Solution:       solution1
* Product family: virtex7
* Target device:  xc7vx485tffg1761-2


================================================================
== Performance Estimates
================================================================
+ Timing (ns): 
    * Summary: 
    +--------+-------+----------+------------+
    |  Clock | Target| Estimated| Uncertainty|
    +--------+-------+----------+------------+
    |ap_clk  |   5.00|     1.746|        0.62|
    +--------+-------+----------+------------+

+ Latency (clock cycles): 
    * Summary: 
    +-----+-----+-----+-----+----------+
    |  Latency  |  Interval | Pipeline |
    | min | max | min | max |   Type   |
    +-----+-----+-----+-----+----------+
    |    0|    0|    1|    1| function |
    +-----+-----+-----+-----+----------+

    + Detail: 
        * Instance: 
        N/A

        * Loop: 
        N/A



================================================================
== Utilization Estimates
================================================================
* Summary: 
+-----------------+---------+-------+--------+--------+
|       Name      | BRAM_18K| DSP48E|   FF   |   LUT  |
+-----------------+---------+-------+--------+--------+
|DSP              |        -|      -|       -|       -|
|Expression       |        -|      -|       0|     224|
|FIFO             |        -|      -|       -|       -|
|Instance         |        -|      -|       -|       -|
|Memory           |        -|      -|       -|       -|
|Multiplexer      |        -|      -|       -|       -|
|Register         |        -|      -|       -|       -|
+-----------------+---------+-------+--------+--------+
|Total            |        0|      0|       0|     224|
+-----------------+---------+-------+--------+--------+
|Available        |     2060|   2800|  607200|  303600|
+-----------------+---------+-------+--------+--------+
|Utilization (%)  |        0|      0|       0|   ~0   |
+-----------------+---------+-------+--------+--------+

+ Detail: 
    * Instance: 
    N/A

    * DSP48: 
    N/A

    * Memory: 
    N/A

    * FIFO: 
    N/A

    * Expression: 
    +--------------------------------+----------+-------+---+----+------------+------------+
    |          Variable Name         | Operation| DSP48E| FF| LUT| Bitwidth P0| Bitwidth P1|
    +--------------------------------+----------+-------+---+----+------------+------------+
    |tmp_2_1_fu_104_p2               |   icmp   |      0|  0|  13|          16|           1|
    |tmp_2_2_fu_126_p2               |   icmp   |      0|  0|  13|          16|           1|
    |tmp_2_3_fu_148_p2               |   icmp   |      0|  0|  13|          16|           1|
    |tmp_2_4_fu_170_p2               |   icmp   |      0|  0|  13|          16|           1|
    |tmp_2_5_fu_192_p2               |   icmp   |      0|  0|  13|          16|           1|
    |tmp_2_6_fu_214_p2               |   icmp   |      0|  0|  13|          16|           1|
    |tmp_2_7_fu_236_p2               |   icmp   |      0|  0|  13|          16|           1|
    |tmp_2_fu_82_p2                  |   icmp   |      0|  0|  13|          16|           1|
    |res_0_V_write_assign_fu_92_p3   |  select  |      0|  0|  15|           1|          15|
    |res_1_V_write_assign_fu_114_p3  |  select  |      0|  0|  15|           1|          15|
    |res_2_V_write_assign_fu_136_p3  |  select  |      0|  0|  15|           1|          15|
    |res_3_V_write_assign_fu_158_p3  |  select  |      0|  0|  15|           1|          15|
    |res_4_V_write_assign_fu_180_p3  |  select  |      0|  0|  15|           1|          15|
    |res_5_V_write_assign_fu_202_p3  |  select  |      0|  0|  15|           1|          15|
    |res_6_V_write_assign_fu_224_p3  |  select  |      0|  0|  15|           1|          15|
    |res_7_V_write_assign_fu_246_p3  |  select  |      0|  0|  15|           1|          15|
    +--------------------------------+----------+-------+---+----+------------+------------+
    |Total                           |          |      0|  0| 224|         136|         128|
    +--------------------------------+----------+-------+---+----+------------+------------+

    * Multiplexer: 
    N/A

    * Register: 
    N/A



================================================================
== Interface
================================================================
* Summary: 
+---------------+-----+-----+------------+------------------------------------------------------------------------+--------------+
|   RTL Ports   | Dir | Bits|  Protocol  |                              Source Object                             |    C Type    |
+---------------+-----+-----+------------+------------------------------------------------------------------------+--------------+
|ap_ready       | out |    1| ap_ctrl_hs | relu<ap_fixed<16, 6, 5, 3, 0>, ap_fixed<16, 6, 5, 3, 0>, relu_config3> | return value |
|ap_return_0    | out |   16| ap_ctrl_hs | relu<ap_fixed<16, 6, 5, 3, 0>, ap_fixed<16, 6, 5, 3, 0>, relu_config3> | return value |
|ap_return_1    | out |   16| ap_ctrl_hs | relu<ap_fixed<16, 6, 5, 3, 0>, ap_fixed<16, 6, 5, 3, 0>, relu_config3> | return value |
|ap_return_2    | out |   16| ap_ctrl_hs | relu<ap_fixed<16, 6, 5, 3, 0>, ap_fixed<16, 6, 5, 3, 0>, relu_config3> | return value |
|ap_return_3    | out |   16| ap_ctrl_hs | relu<ap_fixed<16, 6, 5, 3, 0>, ap_fixed<16, 6, 5, 3, 0>, relu_config3> | return value |
|ap_return_4    | out |   16| ap_ctrl_hs | relu<ap_fixed<16, 6, 5, 3, 0>, ap_fixed<16, 6, 5, 3, 0>, relu_config3> | return value |
|ap_return_5    | out |   16| ap_ctrl_hs | relu<ap_fixed<16, 6, 5, 3, 0>, ap_fixed<16, 6, 5, 3, 0>, relu_config3> | return value |
|ap_return_6    | out |   16| ap_ctrl_hs | relu<ap_fixed<16, 6, 5, 3, 0>, ap_fixed<16, 6, 5, 3, 0>, relu_config3> | return value |
|ap_return_7    | out |   16| ap_ctrl_hs | relu<ap_fixed<16, 6, 5, 3, 0>, ap_fixed<16, 6, 5, 3, 0>, relu_config3> | return value |
|data_0_V_read  |  in |   16|   ap_none  |                              data_0_V_read                             |    scalar    |
|data_1_V_read  |  in |   16|   ap_none  |                              data_1_V_read                             |    scalar    |
|data_2_V_read  |  in |   16|   ap_none  |                              data_2_V_read                             |    scalar    |
|data_3_V_read  |  in |   16|   ap_none  |                              data_3_V_read                             |    scalar    |
|data_4_V_read  |  in |   16|   ap_none  |                              data_4_V_read                             |    scalar    |
|data_5_V_read  |  in |   16|   ap_none  |                              data_5_V_read                             |    scalar    |
|data_6_V_read  |  in |   16|   ap_none  |                              data_6_V_read                             |    scalar    |
|data_7_V_read  |  in |   16|   ap_none  |                              data_7_V_read                             |    scalar    |
+---------------+-----+-----+------------+------------------------------------------------------------------------+--------------+

