

================================================================
== Vivado HLS Report for 'dense_latency_ap_fixed_ap_fixed_18_4_5_3_0_config2_0_0_0_0_0_0_0_0_0'
================================================================
* Date:           Wed Nov 15 11:41:51 2023

* Version:        2018.3 (Build 2405991 on Thu Dec 06 23:56:15 MST 2018)
* Project:        myproject_prj
* Solution:       solution1
* Product family: virtex7
* Target device:  xc7vx485tffg1761-2


================================================================
== Performance Estimates
================================================================
+ Timing (ns): 
    * Summary: 
    +--------+-------+----------+------------+
    |  Clock | Target| Estimated| Uncertainty|
    +--------+-------+----------+------------+
    |ap_clk  |   5.00|     3.740|        0.62|
    +--------+-------+----------+------------+

+ Latency (clock cycles): 
    * Summary: 
    +-----+-----+-----+-----+----------+
    |  Latency  |  Interval | Pipeline |
    | min | max | min | max |   Type   |
    +-----+-----+-----+-----+----------+
    |    1|    1|    1|    1| function |
    +-----+-----+-----+-----+----------+

    + Detail: 
        * Instance: 
        N/A

        * Loop: 
        N/A



================================================================
== Utilization Estimates
================================================================
* Summary: 
+-----------------+---------+-------+--------+--------+
|       Name      | BRAM_18K| DSP48E|   FF   |   LUT  |
+-----------------+---------+-------+--------+--------+
|DSP              |        -|      -|       -|       -|
|Expression       |        -|     16|       0|     384|
|FIFO             |        -|      -|       -|       -|
|Instance         |        -|      -|       -|       -|
|Memory           |        -|      -|       -|       -|
|Multiplexer      |        -|      -|       -|      72|
|Register         |        -|      -|     433|       -|
+-----------------+---------+-------+--------+--------+
|Total            |        0|     16|     433|     456|
+-----------------+---------+-------+--------+--------+
|Available        |     2060|   2800|  607200|  303600|
+-----------------+---------+-------+--------+--------+
|Utilization (%)  |        0|   ~0  |   ~0   |   ~0   |
+-----------------+---------+-------+--------+--------+

+ Detail: 
    * Instance: 
    N/A

    * DSP48: 
    N/A

    * Memory: 
    N/A

    * FIFO: 
    N/A

    * Expression: 
    +---------------------------------+----------+-------+---+----+------------+------------+
    |          Variable Name          | Operation| DSP48E| FF| LUT| Bitwidth P0| Bitwidth P1|
    +---------------------------------+----------+-------+---+----+------------+------------+
    |r_V_6_0_1_fu_85_p2               |     *    |      1|  0|   6|          13|          18|
    |r_V_6_0_2_fu_95_p2               |     *    |      1|  0|   6|          14|          18|
    |r_V_6_0_3_fu_88_p2               |     *    |      1|  0|   6|          13|          18|
    |r_V_6_0_4_fu_83_p2               |     *    |      1|  0|   6|          13|          18|
    |r_V_6_0_5_fu_84_p2               |     *    |      1|  0|   6|          13|          18|
    |r_V_6_0_6_fu_86_p2               |     *    |      1|  0|   6|          14|          18|
    |r_V_6_0_7_fu_92_p2               |     *    |      1|  0|   6|          14|          18|
    |r_V_6_1_1_fu_82_p2               |     *    |      1|  0|   6|          14|          18|
    |r_V_6_1_2_fu_90_p2               |     *    |      1|  0|   6|          14|          18|
    |r_V_6_1_3_fu_87_p2               |     *    |      1|  0|   6|          13|          18|
    |r_V_6_1_4_fu_91_p2               |     *    |      1|  0|   6|          15|          18|
    |r_V_6_1_5_fu_93_p2               |     *    |      1|  0|   6|          11|          18|
    |r_V_6_1_6_fu_94_p2               |     *    |      1|  0|   6|          14|          18|
    |r_V_6_1_7_fu_80_p2               |     *    |      1|  0|   6|          13|          18|
    |r_V_6_1_fu_89_p2                 |     *    |      1|  0|   6|          13|          18|
    |r_V_6_fu_81_p2                   |     *    |      1|  0|   6|          14|          18|
    |acc_1_V_fu_1297_p2               |     +    |      0|  0|  18|          18|          18|
    |acc_2_V_fu_1309_p2               |     +    |      0|  0|  18|          18|          18|
    |acc_3_V_fu_1321_p2               |     +    |      0|  0|  18|          18|          18|
    |acc_4_V_fu_1333_p2               |     +    |      0|  0|  18|          18|          18|
    |acc_5_V_fu_1345_p2               |     +    |      0|  0|  18|          18|          18|
    |acc_6_V_fu_1357_p2               |     +    |      0|  0|  18|          18|          18|
    |acc_7_V_fu_1369_p2               |     +    |      0|  0|  18|          18|          18|
    |res_0_V_write_assign_fu_1285_p2  |     +    |      0|  0|  18|          18|          18|
    |tmp1_fu_1291_p2                  |     +    |      0|  0|  18|          11|          18|
    |tmp2_fu_1303_p2                  |     +    |      0|  0|  18|          12|          18|
    |tmp3_fu_1315_p2                  |     +    |      0|  0|  18|          13|          18|
    |tmp4_fu_1327_p2                  |     +    |      0|  0|  18|          13|          18|
    |tmp5_fu_1339_p2                  |     +    |      0|  0|  18|          11|          18|
    |tmp6_fu_1351_p2                  |     +    |      0|  0|  18|          10|          18|
    |tmp7_fu_1363_p2                  |     +    |      0|  0|  18|          12|          18|
    |tmp_fu_1279_p2                   |     +    |      0|  0|  18|          12|          18|
    +---------------------------------+----------+-------+---+----+------------+------------+
    |Total                            |          |     16|  0| 384|         453|         576|
    +---------------------------------+----------+-------+---+----+------------+------------+

    * Multiplexer: 
    +-------------+----+-----------+-----+-----------+
    |     Name    | LUT| Input Size| Bits| Total Bits|
    +-------------+----+-----------+-----+-----------+
    |ap_return_0  |   9|          2|   18|         36|
    |ap_return_1  |   9|          2|   18|         36|
    |ap_return_2  |   9|          2|   18|         36|
    |ap_return_3  |   9|          2|   18|         36|
    |ap_return_4  |   9|          2|   18|         36|
    |ap_return_5  |   9|          2|   18|         36|
    |ap_return_6  |   9|          2|   18|         36|
    |ap_return_7  |   9|          2|   18|         36|
    +-------------+----+-----------+-----+-----------+
    |Total        |  72|         16|  144|        288|
    +-------------+----+-----------+-----+-----------+

    * Register: 
    +---------------------+----+----+-----+-----------+
    |         Name        | FF | LUT| Bits| Const Bits|
    +---------------------+----+----+-----+-----------+
    |ap_ce_reg            |   1|   0|    1|          0|
    |ap_return_0_int_reg  |  18|   0|   18|          0|
    |ap_return_1_int_reg  |  18|   0|   18|          0|
    |ap_return_2_int_reg  |  18|   0|   18|          0|
    |ap_return_3_int_reg  |  18|   0|   18|          0|
    |ap_return_4_int_reg  |  18|   0|   18|          0|
    |ap_return_5_int_reg  |  18|   0|   18|          0|
    |ap_return_6_int_reg  |  18|   0|   18|          0|
    |ap_return_7_int_reg  |  18|   0|   18|          0|
    |r_V_6_0_1_reg_1188   |  18|   0|   18|          0|
    |r_V_6_0_2_reg_1192   |  18|   0|   18|          0|
    |r_V_6_0_3_reg_1196   |  18|   0|   18|          0|
    |r_V_6_0_4_reg_1200   |  18|   0|   18|          0|
    |r_V_6_0_5_reg_1204   |  18|   0|   18|          0|
    |r_V_6_0_6_reg_1208   |  18|   0|   18|          0|
    |r_V_6_0_7_reg_1212   |  18|   0|   18|          0|
    |r_V_6_1_1_reg_1220   |  18|   0|   18|          0|
    |r_V_6_1_2_reg_1224   |  18|   0|   18|          0|
    |r_V_6_1_3_reg_1228   |  18|   0|   18|          0|
    |r_V_6_1_4_reg_1232   |  18|   0|   18|          0|
    |r_V_6_1_5_reg_1236   |  18|   0|   18|          0|
    |r_V_6_1_6_reg_1240   |  18|   0|   18|          0|
    |r_V_6_1_7_reg_1244   |  18|   0|   18|          0|
    |r_V_6_1_reg_1216     |  18|   0|   18|          0|
    |r_V_6_reg_1184       |  18|   0|   18|          0|
    +---------------------+----+----+-----+-----------+
    |Total                | 433|   0|  433|          0|
    +---------------------+----+----+-----+-----------+



================================================================
== Interface
================================================================
* Summary: 
+-------------+-----+-----+------------+------------------------------------------------------------------------+--------------+
|  RTL Ports  | Dir | Bits|  Protocol  |                              Source Object                             |    C Type    |
+-------------+-----+-----+------------+------------------------------------------------------------------------+--------------+
|ap_clk       |  in |    1| ap_ctrl_hs | dense_latency<ap_fixed,ap_fixed<18,4,5,3,0>,config2>.0.0.0.0.0.0.0.0.0 | return value |
|ap_rst       |  in |    1| ap_ctrl_hs | dense_latency<ap_fixed,ap_fixed<18,4,5,3,0>,config2>.0.0.0.0.0.0.0.0.0 | return value |
|ap_return_0  | out |   18| ap_ctrl_hs | dense_latency<ap_fixed,ap_fixed<18,4,5,3,0>,config2>.0.0.0.0.0.0.0.0.0 | return value |
|ap_return_1  | out |   18| ap_ctrl_hs | dense_latency<ap_fixed,ap_fixed<18,4,5,3,0>,config2>.0.0.0.0.0.0.0.0.0 | return value |
|ap_return_2  | out |   18| ap_ctrl_hs | dense_latency<ap_fixed,ap_fixed<18,4,5,3,0>,config2>.0.0.0.0.0.0.0.0.0 | return value |
|ap_return_3  | out |   18| ap_ctrl_hs | dense_latency<ap_fixed,ap_fixed<18,4,5,3,0>,config2>.0.0.0.0.0.0.0.0.0 | return value |
|ap_return_4  | out |   18| ap_ctrl_hs | dense_latency<ap_fixed,ap_fixed<18,4,5,3,0>,config2>.0.0.0.0.0.0.0.0.0 | return value |
|ap_return_5  | out |   18| ap_ctrl_hs | dense_latency<ap_fixed,ap_fixed<18,4,5,3,0>,config2>.0.0.0.0.0.0.0.0.0 | return value |
|ap_return_6  | out |   18| ap_ctrl_hs | dense_latency<ap_fixed,ap_fixed<18,4,5,3,0>,config2>.0.0.0.0.0.0.0.0.0 | return value |
|ap_return_7  | out |   18| ap_ctrl_hs | dense_latency<ap_fixed,ap_fixed<18,4,5,3,0>,config2>.0.0.0.0.0.0.0.0.0 | return value |
|ap_ce        |  in |    1| ap_ctrl_hs | dense_latency<ap_fixed,ap_fixed<18,4,5,3,0>,config2>.0.0.0.0.0.0.0.0.0 | return value |
|data_V_read  |  in |   64|   ap_none  |                               data_V_read                              |    scalar    |
+-------------+-----+-----+------------+------------------------------------------------------------------------+--------------+

