

================================================================
== Vivado HLS Report for 'dense_latency_ap_fixed_18_4_5_3_0_ap_fixed_18_4_5_3_0_config6_0_0'
================================================================
* Date:           Wed Nov 15 11:41:51 2023

* Version:        2018.3 (Build 2405991 on Thu Dec 06 23:56:15 MST 2018)
* Project:        myproject_prj
* Solution:       solution1
* Product family: virtex7
* Target device:  xc7vx485tffg1761-2


================================================================
== Performance Estimates
================================================================
+ Timing (ns): 
    * Summary: 
    +--------+-------+----------+------------+
    |  Clock | Target| Estimated| Uncertainty|
    +--------+-------+----------+------------+
    |ap_clk  |   5.00|     4.135|        0.62|
    +--------+-------+----------+------------+

+ Latency (clock cycles): 
    * Summary: 
    +-----+-----+-----+-----+----------+
    |  Latency  |  Interval | Pipeline |
    | min | max | min | max |   Type   |
    +-----+-----+-----+-----+----------+
    |    1|    1|    1|    1| function |
    +-----+-----+-----+-----+----------+

    + Detail: 
        * Instance: 
        N/A

        * Loop: 
        N/A



================================================================
== Utilization Estimates
================================================================
* Summary: 
+-----------------+---------+-------+--------+--------+
|       Name      | BRAM_18K| DSP48E|   FF   |   LUT  |
+-----------------+---------+-------+--------+--------+
|DSP              |        -|      -|       -|       -|
|Expression       |        -|      4|       0|      96|
|FIFO             |        -|      -|       -|       -|
|Instance         |        -|      -|       -|       -|
|Memory           |        -|      -|       -|       -|
|Multiplexer      |        -|      -|       -|       9|
|Register         |        -|      -|      91|       -|
+-----------------+---------+-------+--------+--------+
|Total            |        0|      4|      91|     105|
+-----------------+---------+-------+--------+--------+
|Available        |     2060|   2800|  607200|  303600|
+-----------------+---------+-------+--------+--------+
|Utilization (%)  |        0|   ~0  |   ~0   |   ~0   |
+-----------------+---------+-------+--------+--------+

+ Detail: 
    * Instance: 
    N/A

    * DSP48: 
    N/A

    * Memory: 
    N/A

    * FIFO: 
    N/A

    * Expression: 
    +------------------------------+----------+-------+---+----+------------+------------+
    |         Variable Name        | Operation| DSP48E| FF| LUT| Bitwidth P0| Bitwidth P1|
    +------------------------------+----------+-------+---+----+------------+------------+
    |r_V_8_1_fu_73_p2              |     *    |      1|  0|   6|          18|          14|
    |r_V_8_2_fu_70_p2              |     *    |      1|  0|   6|          18|          14|
    |r_V_8_3_fu_72_p2              |     *    |      1|  0|   6|          18|          15|
    |r_V_8_fu_71_p2                |     *    |      1|  0|   6|          18|          15|
    |res_V_write_assign_fu_241_p2  |     +    |      0|  0|  18|          18|          18|
    |tmp1_fu_236_p2                |     +    |      0|  0|  18|          18|          18|
    |tmp2_fu_231_p2                |     +    |      0|  0|  18|          18|          13|
    |tmp_fu_227_p2                 |     +    |      0|  0|  18|          18|          18|
    +------------------------------+----------+-------+---+----+------------+------------+
    |Total                         |          |      4|  0|  96|         144|         125|
    +------------------------------+----------+-------+---+----+------------+------------+

    * Multiplexer: 
    +-----------+----+-----------+-----+-----------+
    |    Name   | LUT| Input Size| Bits| Total Bits|
    +-----------+----+-----------+-----+-----------+
    |ap_return  |   9|          2|   18|         36|
    +-----------+----+-----------+-----+-----------+
    |Total      |   9|          2|   18|         36|
    +-----------+----+-----------+-----+-----------+

    * Register: 
    +-------------------+----+----+-----+-----------+
    |        Name       | FF | LUT| Bits| Const Bits|
    +-------------------+----+----+-----+-----------+
    |ap_ce_reg          |   1|   0|    1|          0|
    |ap_return_int_reg  |  18|   0|   18|          0|
    |tmp_1_reg_247      |  18|   0|   18|          0|
    |tmp_20_1_reg_252   |  18|   0|   18|          0|
    |tmp_20_2_reg_257   |  18|   0|   18|          0|
    |tmp_20_3_reg_262   |  18|   0|   18|          0|
    +-------------------+----+----+-----+-----------+
    |Total              |  91|   0|   91|          0|
    +-------------------+----+----+-----+-----------+



================================================================
== Interface
================================================================
* Summary: 
+---------------+-----+-----+------------+--------------------------------------------------------------------------------+--------------+
|   RTL Ports   | Dir | Bits|  Protocol  |                                  Source Object                                 |    C Type    |
+---------------+-----+-----+------------+--------------------------------------------------------------------------------+--------------+
|ap_clk         |  in |    1| ap_ctrl_hs | dense_latency<ap_fixed<18, 4, 5, 3, 0>, ap_fixed<18, 4, 5, 3, 0>, config6>.0.0 | return value |
|ap_rst         |  in |    1| ap_ctrl_hs | dense_latency<ap_fixed<18, 4, 5, 3, 0>, ap_fixed<18, 4, 5, 3, 0>, config6>.0.0 | return value |
|ap_return      | out |   18| ap_ctrl_hs | dense_latency<ap_fixed<18, 4, 5, 3, 0>, ap_fixed<18, 4, 5, 3, 0>, config6>.0.0 | return value |
|ap_ce          |  in |    1| ap_ctrl_hs | dense_latency<ap_fixed<18, 4, 5, 3, 0>, ap_fixed<18, 4, 5, 3, 0>, config6>.0.0 | return value |
|data_0_V_read  |  in |   18|   ap_none  |                                  data_0_V_read                                 |    scalar    |
|data_1_V_read  |  in |   18|   ap_none  |                                  data_1_V_read                                 |    scalar    |
|data_2_V_read  |  in |   18|   ap_none  |                                  data_2_V_read                                 |    scalar    |
|data_3_V_read  |  in |   18|   ap_none  |                                  data_3_V_read                                 |    scalar    |
+---------------+-----+-----+------------+--------------------------------------------------------------------------------+--------------+

