

================================================================
== Vivado HLS Report for 'sigmoid_ap_fixed_32_18_5_3_0_ap_fixed_32_18_5_3_0_sigmoid_config7_s'
================================================================
* Date:           Tue Oct 31 15:29:32 2023

* Version:        2018.3 (Build 2405991 on Thu Dec 06 23:56:15 MST 2018)
* Project:        myproject_prj
* Solution:       solution1
* Product family: virtex7
* Target device:  xc7vx485tffg1761-2


================================================================
== Performance Estimates
================================================================
+ Timing (ns): 
    * Summary: 
    +--------+-------+----------+------------+
    |  Clock | Target| Estimated| Uncertainty|
    +--------+-------+----------+------------+
    |ap_clk  |   5.00|     3.857|        0.62|
    +--------+-------+----------+------------+

+ Latency (clock cycles): 
    * Summary: 
    +-----+-----+-----+-----+----------+
    |  Latency  |  Interval | Pipeline |
    | min | max | min | max |   Type   |
    +-----+-----+-----+-----+----------+
    |    3|    3|    1|    1| function |
    +-----+-----+-----+-----+----------+

    + Detail: 
        * Instance: 
        N/A

        * Loop: 
        N/A



================================================================
== Utilization Estimates
================================================================
* Summary: 
+-----------------+---------+-------+--------+--------+
|       Name      | BRAM_18K| DSP48E|   FF   |   LUT  |
+-----------------+---------+-------+--------+--------+
|DSP              |        -|      -|       -|       -|
|Expression       |        -|      -|       0|     235|
|FIFO             |        -|      -|       -|       -|
|Instance         |        -|      -|       -|       -|
|Memory           |        1|      -|       0|       0|
|Multiplexer      |        -|      -|       -|       -|
|Register         |        -|      -|      39|       -|
+-----------------+---------+-------+--------+--------+
|Total            |        1|      0|      39|     235|
+-----------------+---------+-------+--------+--------+
|Available        |     2060|   2800|  607200|  303600|
+-----------------+---------+-------+--------+--------+
|Utilization (%)  |    ~0   |      0|   ~0   |   ~0   |
+-----------------+---------+-------+--------+--------+

+ Detail: 
    * Instance: 
    N/A

    * DSP48: 
    N/A

    * Memory: 
    +------------------+----------------------------------------------------------------------------------+---------+---+----+------+-----+------+-------------+
    |      Memory      |                                      Module                                      | BRAM_18K| FF| LUT| Words| Bits| Banks| W*Bits*Banks|
    +------------------+----------------------------------------------------------------------------------+---------+---+----+------+-----+------+-------------+
    |sigmoid_table1_U  |sigmoid_ap_fixed_32_18_5_3_0_ap_fixed_32_18_5_3_0_sigmoid_config7_s_sigmoid_tbkb  |        1|  0|   0|  1024|   10|     1|        10240|
    +------------------+----------------------------------------------------------------------------------+---------+---+----+------+-----+------+-------------+
    |Total             |                                                                                  |        1|  0|   0|  1024|   10|     1|        10240|
    +------------------+----------------------------------------------------------------------------------+---------+---+----+------+-----+------+-------------+

    * FIFO: 
    N/A

    * Expression: 
    +-----------------------------+----------+-------+---+----+------------+------------+
    |        Variable Name        | Operation| DSP48E| FF| LUT| Bitwidth P0| Bitwidth P1|
    +-----------------------------+----------+-------+---+----+------------+------------+
    |index_cast_fu_165_p2         |     +    |      0|  0|  31|          10|          24|
    |index_fu_151_p2              |     +    |      0|  0|  32|          10|          25|
    |ret_V_fu_125_p2              |     +    |      0|  0|  32|           1|          25|
    |ap_block_pp0_stage0_11001    |    and   |      0|  0|   2|           1|           1|
    |icmp_fu_191_p2               |   icmp   |      0|  0|  13|          14|           1|
    |p_Result_s_fu_101_p2         |   icmp   |      0|  0|  24|          42|           5|
    |tmp_3_fu_119_p2              |   icmp   |      0|  0|  13|          14|           1|
    |ap_block_pp0_stage0_subdone  |    or    |      0|  0|   2|           1|           1|
    |index_1_fu_197_p3            |  select  |      0|  0|  10|           1|           2|
    |p_1_fu_170_p3                |  select  |      0|  0|  24|           1|           1|
    |p_2_fu_139_p3                |  select  |      0|  0|  25|           1|          25|
    |p_s_fu_131_p3                |  select  |      0|  0|  25|           1|          25|
    |ap_enable_pp0                |    xor   |      0|  0|   2|           1|           2|
    +-----------------------------+----------+-------+---+----+------------+------------+
    |Total                        |          |      0|  0| 235|          98|         138|
    +-----------------------------+----------+-------+---+----+------------+------------+

    * Multiplexer: 
    N/A

    * Register: 
    +-------------------------+----+----+-----+-----------+
    |           Name          | FF | LUT| Bits| Const Bits|
    +-------------------------+----+----+-----+-----------+
    |ap_CS_fsm                |   1|   0|    1|          0|
    |ap_enable_reg_pp0_iter1  |   1|   0|    1|          0|
    |ap_enable_reg_pp0_iter2  |   1|   0|    1|          0|
    |ap_enable_reg_pp0_iter3  |   1|   0|    1|          0|
    |index_1_reg_227          |  10|   0|   10|          0|
    |tmp_2_reg_217            |  24|   0|   24|          0|
    |tmp_4_reg_222            |   1|   0|    1|          0|
    +-------------------------+----+----+-----+-----------+
    |Total                    |  39|   0|   39|          0|
    +-------------------------+----+----+-----+-----------+



================================================================
== Interface
================================================================
* Summary: 
+-------------+-----+-----+------------+--------------------------------------------------------------------------------+--------------+
|  RTL Ports  | Dir | Bits|  Protocol  |                                  Source Object                                 |    C Type    |
+-------------+-----+-----+------------+--------------------------------------------------------------------------------+--------------+
|ap_clk       |  in |    1| ap_ctrl_hs | sigmoid<ap_fixed<32, 18, 5, 3, 0>, ap_fixed<32, 18, 5, 3, 0>, sigmoid_config7> | return value |
|ap_rst       |  in |    1| ap_ctrl_hs | sigmoid<ap_fixed<32, 18, 5, 3, 0>, ap_fixed<32, 18, 5, 3, 0>, sigmoid_config7> | return value |
|ap_start     |  in |    1| ap_ctrl_hs | sigmoid<ap_fixed<32, 18, 5, 3, 0>, ap_fixed<32, 18, 5, 3, 0>, sigmoid_config7> | return value |
|ap_done      | out |    1| ap_ctrl_hs | sigmoid<ap_fixed<32, 18, 5, 3, 0>, ap_fixed<32, 18, 5, 3, 0>, sigmoid_config7> | return value |
|ap_idle      | out |    1| ap_ctrl_hs | sigmoid<ap_fixed<32, 18, 5, 3, 0>, ap_fixed<32, 18, 5, 3, 0>, sigmoid_config7> | return value |
|ap_ready     | out |    1| ap_ctrl_hs | sigmoid<ap_fixed<32, 18, 5, 3, 0>, ap_fixed<32, 18, 5, 3, 0>, sigmoid_config7> | return value |
|ap_ce        |  in |    1| ap_ctrl_hs | sigmoid<ap_fixed<32, 18, 5, 3, 0>, ap_fixed<32, 18, 5, 3, 0>, sigmoid_config7> | return value |
|ap_return    | out |   14| ap_ctrl_hs | sigmoid<ap_fixed<32, 18, 5, 3, 0>, ap_fixed<32, 18, 5, 3, 0>, sigmoid_config7> | return value |
|data_V_read  |  in |   32|   ap_none  |                                   data_V_read                                  |    scalar    |
+-------------+-----+-----+------------+--------------------------------------------------------------------------------+--------------+

