

================================================================
== Vivado HLS Report for 'sigmoid_ap_fixed_18_4_5_3_0_ap_fixed_18_4_5_3_0_sigmoid_config7_s'
================================================================
* Date:           Wed Nov 15 11:41:51 2023

* Version:        2018.3 (Build 2405991 on Thu Dec 06 23:56:15 MST 2018)
* Project:        myproject_prj
* Solution:       solution1
* Product family: virtex7
* Target device:  xc7vx485tffg1761-2


================================================================
== Performance Estimates
================================================================
+ Timing (ns): 
    * Summary: 
    +--------+-------+----------+------------+
    |  Clock | Target| Estimated| Uncertainty|
    +--------+-------+----------+------------+
    |ap_clk  |   5.00|     3.761|        0.62|
    +--------+-------+----------+------------+

+ Latency (clock cycles): 
    * Summary: 
    +-----+-----+-----+-----+----------+
    |  Latency  |  Interval | Pipeline |
    | min | max | min | max |   Type   |
    +-----+-----+-----+-----+----------+
    |    2|    2|    1|    1| function |
    +-----+-----+-----+-----+----------+

    + Detail: 
        * Instance: 
        N/A

        * Loop: 
        N/A



================================================================
== Utilization Estimates
================================================================
* Summary: 
+-----------------+---------+-------+--------+--------+
|       Name      | BRAM_18K| DSP48E|   FF   |   LUT  |
+-----------------+---------+-------+--------+--------+
|DSP              |        -|      -|       -|       -|
|Expression       |        -|      -|       0|     116|
|FIFO             |        -|      -|       -|       -|
|Instance         |        -|      -|       -|       -|
|Memory           |        1|      -|       0|       0|
|Multiplexer      |        -|      -|       -|       -|
|Register         |        -|      -|      13|       -|
+-----------------+---------+-------+--------+--------+
|Total            |        1|      0|      13|     116|
+-----------------+---------+-------+--------+--------+
|Available        |     2060|   2800|  607200|  303600|
+-----------------+---------+-------+--------+--------+
|Utilization (%)  |    ~0   |      0|   ~0   |   ~0   |
+-----------------+---------+-------+--------+--------+

+ Detail: 
    * Instance: 
    N/A

    * DSP48: 
    N/A

    * Memory: 
    +------------------+----------------------------------------------------------------------------------+---------+---+----+------+-----+------+-------------+
    |      Memory      |                                      Module                                      | BRAM_18K| FF| LUT| Words| Bits| Banks| W*Bits*Banks|
    +------------------+----------------------------------------------------------------------------------+---------+---+----+------+-----+------+-------------+
    |sigmoid_table1_U  |sigmoid_ap_fixed_18_4_5_3_0_ap_fixed_18_4_5_3_0_sigmoid_config7_s_sigmoid_tabbkb  |        1|  0|   0|  1024|   10|     1|        10240|
    +------------------+----------------------------------------------------------------------------------+---------+---+----+------+-----+------+-------------+
    |Total             |                                                                                  |        1|  0|   0|  1024|   10|     1|        10240|
    +------------------+----------------------------------------------------------------------------------+---------+---+----+------+-----+------+-------------+

    * FIFO: 
    N/A

    * Expression: 
    +-----------------------------+----------+-------+---+----+------------+------------+
    |        Variable Name        | Operation| DSP48E| FF| LUT| Bitwidth P0| Bitwidth P1|
    +-----------------------------+----------+-------+---+----+------------+------------+
    |index_fu_143_p2              |     +    |      0|  0|  18|          10|          11|
    |ret_V_fu_117_p2              |     +    |      0|  0|  18|           1|          11|
    |ap_block_pp0_stage0_11001    |    and   |      0|  0|   2|           1|           1|
    |p_Result_s_fu_93_p2          |   icmp   |      0|  0|  18|          28|           5|
    |tmp_3_fu_111_p2              |   icmp   |      0|  0|  13|          14|           1|
    |ap_block_pp0_stage0_subdone  |    or    |      0|  0|   2|           1|           1|
    |index_1_fu_163_p3            |  select  |      0|  0|  10|           1|           2|
    |p_2_fu_131_p3                |  select  |      0|  0|  11|           1|          11|
    |p_s_fu_123_p3                |  select  |      0|  0|  11|           1|          11|
    |ap_enable_pp0                |    xor   |      0|  0|   2|           1|           2|
    |index_cast_fu_149_p2         |    xor   |      0|  0|  11|          10|          11|
    +-----------------------------+----------+-------+---+----+------------+------------+
    |Total                        |          |      0|  0| 116|          69|          67|
    +-----------------------------+----------+-------+---+----+------------+------------+

    * Multiplexer: 
    N/A

    * Register: 
    +-------------------------+----+----+-----+-----------+
    |           Name          | FF | LUT| Bits| Const Bits|
    +-------------------------+----+----+-----+-----------+
    |ap_CS_fsm                |   1|   0|    1|          0|
    |ap_enable_reg_pp0_iter1  |   1|   0|    1|          0|
    |ap_enable_reg_pp0_iter2  |   1|   0|    1|          0|
    |index_1_reg_183          |  10|   0|   10|          0|
    +-------------------------+----+----+-----+-----------+
    |Total                    |  13|   0|   13|          0|
    +-------------------------+----+----+-----+-----------+



================================================================
== Interface
================================================================
* Summary: 
+-------------+-----+-----+------------+------------------------------------------------------------------------------+--------------+
|  RTL Ports  | Dir | Bits|  Protocol  |                                 Source Object                                |    C Type    |
+-------------+-----+-----+------------+------------------------------------------------------------------------------+--------------+
|ap_clk       |  in |    1| ap_ctrl_hs | sigmoid<ap_fixed<18, 4, 5, 3, 0>, ap_fixed<18, 4, 5, 3, 0>, sigmoid_config7> | return value |
|ap_rst       |  in |    1| ap_ctrl_hs | sigmoid<ap_fixed<18, 4, 5, 3, 0>, ap_fixed<18, 4, 5, 3, 0>, sigmoid_config7> | return value |
|ap_start     |  in |    1| ap_ctrl_hs | sigmoid<ap_fixed<18, 4, 5, 3, 0>, ap_fixed<18, 4, 5, 3, 0>, sigmoid_config7> | return value |
|ap_done      | out |    1| ap_ctrl_hs | sigmoid<ap_fixed<18, 4, 5, 3, 0>, ap_fixed<18, 4, 5, 3, 0>, sigmoid_config7> | return value |
|ap_idle      | out |    1| ap_ctrl_hs | sigmoid<ap_fixed<18, 4, 5, 3, 0>, ap_fixed<18, 4, 5, 3, 0>, sigmoid_config7> | return value |
|ap_ready     | out |    1| ap_ctrl_hs | sigmoid<ap_fixed<18, 4, 5, 3, 0>, ap_fixed<18, 4, 5, 3, 0>, sigmoid_config7> | return value |
|ap_ce        |  in |    1| ap_ctrl_hs | sigmoid<ap_fixed<18, 4, 5, 3, 0>, ap_fixed<18, 4, 5, 3, 0>, sigmoid_config7> | return value |
|ap_return    | out |   14| ap_ctrl_hs | sigmoid<ap_fixed<18, 4, 5, 3, 0>, ap_fixed<18, 4, 5, 3, 0>, sigmoid_config7> | return value |
|data_V_read  |  in |   18|   ap_none  |                                  data_V_read                                 |    scalar    |
+-------------+-----+-----+------------+------------------------------------------------------------------------------+--------------+

