

================================================================
== Vivado HLS Report for 'dense_latency_ap_fixed_16_6_5_3_0_ap_fixed_16_6_5_3_0_config6_0_0'
================================================================
* Date:           Wed Oct 18 12:23:01 2023

* Version:        2018.3 (Build 2405991 on Thu Dec 06 23:56:15 MST 2018)
* Project:        myproject_prj
* Solution:       solution1
* Product family: virtex7
* Target device:  xc7vx485tffg1761-2


================================================================
== Performance Estimates
================================================================
+ Timing (ns): 
    * Summary: 
    +--------+-------+----------+------------+
    |  Clock | Target| Estimated| Uncertainty|
    +--------+-------+----------+------------+
    |ap_clk  |   5.00|     4.082|        0.62|
    +--------+-------+----------+------------+

+ Latency (clock cycles): 
    * Summary: 
    +-----+-----+-----+-----+----------+
    |  Latency  |  Interval | Pipeline |
    | min | max | min | max |   Type   |
    +-----+-----+-----+-----+----------+
    |    1|    1|    1|    1| function |
    +-----+-----+-----+-----+----------+

    + Detail: 
        * Instance: 
        N/A

        * Loop: 
        N/A



================================================================
== Utilization Estimates
================================================================
* Summary: 
+-----------------+---------+-------+--------+--------+
|       Name      | BRAM_18K| DSP48E|   FF   |   LUT  |
+-----------------+---------+-------+--------+--------+
|DSP              |        -|      -|       -|       -|
|Expression       |        -|      4|       0|      88|
|FIFO             |        -|      -|       -|       -|
|Instance         |        -|      -|       -|       -|
|Memory           |        -|      -|       -|       -|
|Multiplexer      |        -|      -|       -|       9|
|Register         |        -|      -|      77|       -|
+-----------------+---------+-------+--------+--------+
|Total            |        0|      4|      77|      97|
+-----------------+---------+-------+--------+--------+
|Available        |     2060|   2800|  607200|  303600|
+-----------------+---------+-------+--------+--------+
|Utilization (%)  |        0|   ~0  |   ~0   |   ~0   |
+-----------------+---------+-------+--------+--------+

+ Detail: 
    * Instance: 
    N/A

    * DSP48: 
    N/A

    * Memory: 
    N/A

    * FIFO: 
    N/A

    * Expression: 
    +------------------------------+----------+-------+---+----+------------+------------+
    |         Variable Name        | Operation| DSP48E| FF| LUT| Bitwidth P0| Bitwidth P1|
    +------------------------------+----------+-------+---+----+------------+------------+
    |r_V_6_1_fu_81_p2              |     *    |      1|  0|   6|          16|           6|
    |r_V_6_2_fu_78_p2              |     *    |      1|  0|   6|          16|           8|
    |r_V_6_3_fu_80_p2              |     *    |      1|  0|   6|          16|          10|
    |r_V_6_fu_79_p2                |     *    |      1|  0|   6|          16|          11|
    |res_V_write_assign_fu_257_p2  |     +    |      0|  0|  16|          16|          16|
    |tmp1_fu_251_p2                |     +    |      0|  0|  16|          16|          16|
    |tmp2_fu_246_p2                |     +    |      0|  0|  16|          16|           9|
    |tmp_fu_241_p2                 |     +    |      0|  0|  16|          16|          16|
    +------------------------------+----------+-------+---+----+------------+------------+
    |Total                         |          |      4|  0|  88|         128|          92|
    +------------------------------+----------+-------+---+----+------------+------------+

    * Multiplexer: 
    +-----------+----+-----------+-----+-----------+
    |    Name   | LUT| Input Size| Bits| Total Bits|
    +-----------+----+-----------+-----+-----------+
    |ap_return  |   9|          2|   16|         32|
    +-----------+----+-----------+-----+-----------+
    |Total      |   9|          2|   16|         32|
    +-----------+----+-----------+-----+-----------+

    * Register: 
    +-------------------+----+----+-----+-----------+
    |        Name       | FF | LUT| Bits| Const Bits|
    +-------------------+----+----+-----+-----------+
    |ap_ce_reg          |   1|   0|    1|          0|
    |ap_return_int_reg  |  16|   0|   16|          0|
    |tmp_5_3_reg_278    |  16|   0|   16|          0|
    |tmp_5_reg_263      |  16|   0|   16|          0|
    |tmp_6_reg_268      |  13|   0|   13|          0|
    |tmp_9_reg_273      |  15|   0|   15|          0|
    +-------------------+----+----+-----+-----------+
    |Total              |  77|   0|   77|          0|
    +-------------------+----+----+-----+-----------+



================================================================
== Interface
================================================================
* Summary: 
+---------------+-----+-----+------------+--------------------------------------------------------------------------------+--------------+
|   RTL Ports   | Dir | Bits|  Protocol  |                                  Source Object                                 |    C Type    |
+---------------+-----+-----+------------+--------------------------------------------------------------------------------+--------------+
|ap_clk         |  in |    1| ap_ctrl_hs | dense_latency<ap_fixed<16, 6, 5, 3, 0>, ap_fixed<16, 6, 5, 3, 0>, config6>.0.0 | return value |
|ap_rst         |  in |    1| ap_ctrl_hs | dense_latency<ap_fixed<16, 6, 5, 3, 0>, ap_fixed<16, 6, 5, 3, 0>, config6>.0.0 | return value |
|ap_return      | out |   16| ap_ctrl_hs | dense_latency<ap_fixed<16, 6, 5, 3, 0>, ap_fixed<16, 6, 5, 3, 0>, config6>.0.0 | return value |
|ap_ce          |  in |    1| ap_ctrl_hs | dense_latency<ap_fixed<16, 6, 5, 3, 0>, ap_fixed<16, 6, 5, 3, 0>, config6>.0.0 | return value |
|data_0_V_read  |  in |   16|   ap_none  |                                  data_0_V_read                                 |    scalar    |
|data_1_V_read  |  in |   16|   ap_none  |                                  data_1_V_read                                 |    scalar    |
|data_2_V_read  |  in |   16|   ap_none  |                                  data_2_V_read                                 |    scalar    |
|data_3_V_read  |  in |   16|   ap_none  |                                  data_3_V_read                                 |    scalar    |
+---------------+-----+-----+------------+--------------------------------------------------------------------------------+--------------+

